Component: ARM Compiler 5.06 update 1 (build 61) Tool: armlink [4d35a8]

==============================================================================

Section Cross References

    startup_stm32f103xb.o(STACK) refers (Special) to heapauxi.o(.text) for __use_two_region_memory
    startup_stm32f103xb.o(HEAP) refers (Special) to heapauxi.o(.text) for __use_two_region_memory
    startup_stm32f103xb.o(RESET) refers (Special) to heapauxi.o(.text) for __use_two_region_memory
    startup_stm32f103xb.o(RESET) refers to startup_stm32f103xb.o(STACK) for __initial_sp
    startup_stm32f103xb.o(RESET) refers to startup_stm32f103xb.o(.text) for Reset_Handler
    startup_stm32f103xb.o(RESET) refers to stm32f1xx_it.o(i.NMI_Handler) for NMI_Handler
    startup_stm32f103xb.o(RESET) refers to stm32f1xx_it.o(i.HardFault_Handler) for HardFault_Handler
    startup_stm32f103xb.o(RESET) refers to stm32f1xx_it.o(i.MemManage_Handler) for MemManage_Handler
    startup_stm32f103xb.o(RESET) refers to stm32f1xx_it.o(i.BusFault_Handler) for BusFault_Handler
    startup_stm32f103xb.o(RESET) refers to stm32f1xx_it.o(i.UsageFault_Handler) for UsageFault_Handler
    startup_stm32f103xb.o(RESET) refers to stm32f1xx_it.o(i.SVC_Handler) for SVC_Handler
    startup_stm32f103xb.o(RESET) refers to stm32f1xx_it.o(i.DebugMon_Handler) for DebugMon_Handler
    startup_stm32f103xb.o(RESET) refers to stm32f1xx_it.o(i.PendSV_Handler) for PendSV_Handler
    startup_stm32f103xb.o(RESET) refers to stm32f1xx_it.o(i.SysTick_Handler) for SysTick_Handler
    startup_stm32f103xb.o(RESET) refers to stm32f1xx_it.o(i.DMA1_Channel2_IRQHandler) for DMA1_Channel2_IRQHandler
    startup_stm32f103xb.o(RESET) refers to stm32f1xx_it.o(i.TIM2_IRQHandler) for TIM2_IRQHandler
    startup_stm32f103xb.o(RESET) refers to stm32f1xx_it.o(i.TIM3_IRQHandler) for TIM3_IRQHandler
    startup_stm32f103xb.o(RESET) refers to stm32f1xx_it.o(i.TIM4_IRQHandler) for TIM4_IRQHandler
    startup_stm32f103xb.o(RESET) refers to stm32f1xx_it.o(i.USART2_IRQHandler) for USART2_IRQHandler
    startup_stm32f103xb.o(RESET) refers to stm32f1xx_it.o(i.USART3_IRQHandler) for USART3_IRQHandler
    startup_stm32f103xb.o(.text) refers (Special) to heapauxi.o(.text) for __use_two_region_memory
    startup_stm32f103xb.o(.text) refers to system_stm32f1xx.o(i.SystemInit) for SystemInit
    startup_stm32f103xb.o(.text) refers to __main.o(!!!main) for __main
    startup_stm32f103xb.o(.text) refers to startup_stm32f103xb.o(HEAP) for Heap_Mem
    startup_stm32f103xb.o(.text) refers to startup_stm32f103xb.o(STACK) for Stack_Mem
    dht11.o(i.DHT11) refers to dht11.o(i.DHT11_READ_DATA) for DHT11_READ_DATA
    dht11.o(i.DHT11) refers to stm32f1xx_hal.o(i.HAL_Delay) for HAL_Delay
    dht11.o(i.DHT11_Check) refers to dht11.o(i.Tims_delay_us) for Tims_delay_us
    dht11.o(i.DHT11_Check) refers to stm32f1xx_hal_gpio.o(i.HAL_GPIO_ReadPin) for HAL_GPIO_ReadPin
    dht11.o(i.DHT11_GPIO_MODE_SET) refers to stm32f1xx_hal_gpio.o(i.HAL_GPIO_Init) for HAL_GPIO_Init
    dht11.o(i.DHT11_READ_BIT) refers to stm32f1xx_hal_gpio.o(i.HAL_GPIO_ReadPin) for HAL_GPIO_ReadPin
    dht11.o(i.DHT11_READ_BIT) refers to dht11.o(i.Tims_delay_us) for Tims_delay_us
    dht11.o(i.DHT11_READ_BYTE) refers to dht11.o(i.DHT11_READ_BIT) for DHT11_READ_BIT
    dht11.o(i.DHT11_READ_DATA) refers to dht11.o(i.DHT11_START) for DHT11_START
    dht11.o(i.DHT11_READ_DATA) refers to dht11.o(i.DHT11_Check) for DHT11_Check
    dht11.o(i.DHT11_READ_DATA) refers to stm32f1xx_hal_gpio.o(i.HAL_GPIO_ReadPin) for HAL_GPIO_ReadPin
    dht11.o(i.DHT11_READ_DATA) refers to dht11.o(i.DHT11_READ_BYTE) for DHT11_READ_BYTE
    dht11.o(i.DHT11_READ_DATA) refers to dht11.o(.data) for .data
    dht11.o(i.DHT11_START) refers to dht11.o(i.DHT11_GPIO_MODE_SET) for DHT11_GPIO_MODE_SET
    dht11.o(i.DHT11_START) refers to stm32f1xx_hal_gpio.o(i.HAL_GPIO_WritePin) for HAL_GPIO_WritePin
    dht11.o(i.DHT11_START) refers to stm32f1xx_hal.o(i.HAL_Delay) for HAL_Delay
    dht11.o(i.Tims_delay_us) refers to stm32f1xx_hal_rcc.o(i.HAL_RCC_GetHCLKFreq) for HAL_RCC_GetHCLKFreq
    atgm336.o(i.ATGM_StructInit) refers to rt_memclr.o(.text) for __aeabi_memclr
    atgm336.o(i.ATGM_StructInit) refers to atgm336.o(.bss) for .bss
    atgm336.o(i.ParseGps) refers to strstr.o(.text) for strstr
    atgm336.o(i.ParseGps) refers to rt_memcpy_v6.o(.text) for __aeabi_memcpy
    atgm336.o(i.ParseGps) refers to atgm336.o(.bss) for .bss
    atgm336.o(i.printGpsBuffer) refers to fflt_clz.o(x$fpl$fflt) for __aeabi_i2f
    atgm336.o(i.printGpsBuffer) refers to faddsub_clz.o(x$fpl$fadd) for __aeabi_fadd
    atgm336.o(i.printGpsBuffer) refers to fmul.o(x$fpl$fmul) for __aeabi_fmul
    atgm336.o(i.printGpsBuffer) refers to fdiv.o(x$fpl$fdiv) for __aeabi_fdiv
    atgm336.o(i.printGpsBuffer) refers to ffix.o(x$fpl$ffix) for __aeabi_f2iz
    atgm336.o(i.printGpsBuffer) refers to faddsub_clz.o(x$fpl$frsb) for __aeabi_frsub
    atgm336.o(i.printGpsBuffer) refers to atgm336.o(.bss) for .bss
[...]
    ../fplib/dcheck1.s                       0x00000000   Number         0  dcheck1.o ABSOLUTE
    ../fplib/dflt.s                          0x00000000   Number         0  dflt_clz.o ABSOLUTE
    ../fplib/dmul.s                          0x00000000   Number         0  dmul.o ABSOLUTE
    ../fplib/dnaninf.s                       0x00000000   Number         0  dnaninf.o ABSOLUTE
    ../fplib/dretinf.s                       0x00000000   Number         0  dretinf.o ABSOLUTE
    ../fplib/faddsub.s                       0x00000000   Number         0  faddsub_clz.o ABSOLUTE
    ../fplib/fdiv.s                          0x00000000   Number         0  fdiv.o ABSOLUTE
    ../fplib/ffix.s                          0x00000000   Number         0  ffix.o ABSOLUTE
    ../fplib/ffixu.s                         0x00000000   Number         0  ffixu.o ABSOLUTE
    ../fplib/fflt.s                          0x00000000   Number         0  fflt_clz.o ABSOLUTE
    ../fplib/fmul.s                          0x00000000   Number         0  fmul.o ABSOLUTE
    ../fplib/fnaninf.s                       0x00000000   Number         0  fnaninf.o ABSOLUTE
    ../fplib/fpinit.s                        0x00000000   Number         0  fpinit.o ABSOLUTE
    ../fplib/fretinf.s                       0x00000000   Number         0  fretinf.o ABSOLUTE
    ../fplib/retnan.s                        0x00000000   Number         0  retnan.o ABSOLUTE
    ../fplib/scalbn.s                        0x00000000   Number         0  scalbn.o ABSOLUTE
    ../fplib/trapv.s                         0x00000000   Number         0  trapv.o ABSOLUTE
    ../fplib/usenofp.s                       0x00000000   Number         0  usenofp.o ABSOLUTE
    ..\Drivers\STM32F1xx_HAL_Driver\Src\stm32f1xx_hal.c 0x00000000   Number         0  stm32f1xx_hal.o ABSOLUTE
    ..\Drivers\STM32F1xx_HAL_Driver\Src\stm32f1xx_hal_cortex.c 0x00000000   Number         0  stm32f1xx_hal_cortex.o ABSOLUTE
    ..\Drivers\STM32F1xx_HAL_Driver\Src\stm32f1xx_hal_dma.c 0x00000000   Number         0  stm32f1xx_hal_dma.o ABSOLUTE
    ..\Drivers\STM32F1xx_HAL_Driver\Src\stm32f1xx_hal_exti.c 0x00000000   Number         0  stm32f1xx_hal_exti.o ABSOLUTE
    ..\Drivers\STM32F1xx_HAL_Driver\Src\stm32f1xx_hal_flash.c 0x00000000   Number         0  stm32f1xx_hal_flash.o ABSOLUTE
    ..\Drivers\STM32F1xx_HAL_Driver\Src\stm32f1xx_hal_flash_ex.c 0x00000000   Number         0  stm32f1xx_hal_flash_ex.o ABSOLUTE
    ..\Drivers\STM32F1xx_HAL_Driver\Src\stm32f1xx_hal_gpio.c 0x00000000   Number         0  stm32f1xx_hal_gpio.o ABSOLUTE
    ..\Drivers\STM32F1xx_HAL_Driver\Src\stm32f1xx_hal_gpio_ex.c 0x00000000   Number         0  stm32f1xx_hal_gpio_ex.o ABSOLUTE
    ..\Drivers\STM32F1xx_HAL_Driver\Src\stm32f1xx_hal_pwr.c 0x00000000   Number         0  stm32f1xx_hal_pwr.o ABSOLUTE
    ..\Drivers\STM32F1xx_HAL_Driver\Src\stm32f1xx_hal_rcc.c 0x00000000   Number         0  stm32f1xx_hal_rcc.o ABSOLUTE
    ..\Drivers\STM32F1xx_HAL_Driver\Src\stm32f1xx_hal_rcc_ex.c 0x00000000   Number         0  stm32f1xx_hal_rcc_ex.o ABSOLUTE
    ..\Drivers\STM32F1xx_HAL_Driver\Src\stm32f1xx_hal_tim.c 0x00000000   Number         0  stm32f1xx_hal_tim.o ABSOLUTE
    ..\Drivers\STM32F1xx_HAL_Driver\Src\stm32f1xx_hal_tim_ex.c 0x00000000   Number         0  stm32f1xx_hal_tim_ex.o ABSOLUTE
    ..\Drivers\STM32F1xx_HAL_Driver\Src\stm32f1xx_hal_uart.c 0x00000000   Number         0  stm32f1xx_hal_uart.o ABSOLUTE
    ..\Src\main.c                            0x00000000   Number         0  main.o ABSOLUTE
    ..\Src\stm32f1xx_hal_msp.c               0x00000000   Number         0  stm32f1xx_hal_msp.o ABSOLUTE
    ..\Src\stm32f1xx_it.c                    0x00000000   Number         0  stm32f1xx_it.o ABSOLUTE
    ..\Src\system_stm32f1xx.c                0x00000000   Number         0  system_stm32f1xx.o ABSOLUTE
    ATGM336.c                                0x00000000   Number         0  atgm336.o ABSOLUTE
    ATGM336.c                                0x00000000   Number         0  atgm336.o ABSOLUTE
    DHT11.c                                  0x00000000   Number         0  dht11.o ABSOLUTE
    DHT11.c                                  0x00000000   Number         0  dht11.o ABSOLUTE
    HC_SR04.c                                0x00000000   Number         0  hc_sr04.o ABSOLUTE
    HC_SR04.c                                0x00000000   Number         0  hc_sr04.o ABSOLUTE
    dc.s                                     0x00000000   Number         0  dc.o ABSOLUTE
    startup_stm32f103xb.s                    0x00000000   Number         0  startup_stm32f103xb.o ABSOLUTE
    RESET                                    0x08000000   Section      236  startup_stm32f103xb.o(RESET)
    !!!main                                  0x080000ec   Section        8  __main.o(!!!main)
    !!!scatter                               0x080000f4   Section       52  __scatter.o(!!!scatter)
    !!handler_copy                           0x08000128   Section       26  __scatter_copy.o(!!handler_copy)
    !!handler_zi                             0x08000144   Section       28  __scatter_zi.o(!!handler_zi)
    .ARM.Collect$$libinit$$00000000          0x08000160   Section        2  libinit.o(.ARM.Collect$$libinit$$00000000)
    .ARM.Collect$$libinit$$00000002          0x08000162   Section        0  libinit2.o(.ARM.Collect$$libinit$$00000002)
    .ARM.Collect$$libinit$$00000004          0x08000162   Section        0  libinit2.o(.ARM.Collect$$libinit$$00000004)
    .ARM.Collect$$libinit$$0000000A          0x08000162   Section        0  libinit2.o(.ARM.Collect$$libinit$$0000000A)
    .ARM.Collect$$libinit$$0000000C          0x08000162   Section        0  libinit2.o(.ARM.Collect$$libinit$$0000000C)
    .ARM.Collect$$libinit$$0000000E          0x08000162   Section        0  libinit2.o(.ARM.Collect$$libinit$$0000000E)
    .ARM.Collect$$libinit$$00000011          0x08000162   Section        0  libinit2.o(.ARM.Collect$$libinit$$00000011)
    .ARM.Collect$$libinit$$00000013          0x08000162   Section        0  libinit2.o(.ARM.Collect$$libinit$$00000013)
    .ARM.Collect$$libinit$$00000015          0x08000162   Section        0  libinit2.o(.ARM.Collect$$libinit$$00000015)
    .ARM.Collect$$libinit$$00000017          0x08000162   Section        0  libinit2.o(.ARM.Collect$$libinit$$00000017)
    .ARM.Collect$$libinit$$00000019          0x08000162   Section        0  libinit2.o(.ARM.Collect$$libinit$$00000019)
    .ARM.Collect$$libinit$$0000001B          0x08000162   Section        0  libinit2.o(.ARM.Collect$$libinit$$0000001B)
    .ARM.Collect$$libinit$$0000001D          0x08000162   Section        0  libinit2.o(.ARM.Collect$$libinit$$0000001D)
    .ARM.Collect$$libinit$$0000001F          0x08000162   Section        0  libinit2.o(.ARM.Collect$$libinit$$0000001F)
    .ARM.Collect$$libinit$$00000021          0x08000162   Section        0  libinit2.o(.ARM.Collect$$libinit$$00000021)
    .ARM.Collect$$libinit$$00000023          0x08000162   Section        0  libinit2.o(.ARM.Collect$$libinit$$00000023)
    .ARM.Collect$$libinit$$00000025          0x08000162   Section        0  libinit2.o(.ARM.Collect$$libinit$$00000025)
    .ARM.Collect$$libinit$$0000002C          0x08000162   Section        0  libinit2.o(.ARM.Collect$$libinit$$0000002C)
    .ARM.Collect$$libinit$$0000002E          0x08000162   Section        0  libinit2.o(.ARM.Collect$$libinit$$0000002E)
    .ARM.Collect$$libinit$$00000030          0x08000162   Section        0  libinit2.o(.ARM.Collect$$libinit$$00000030)
    .ARM.Collect$$libinit$$00000032          0x08000162   Section        0  libinit2.o(.ARM.Collect$$libinit$$00000032)
    .ARM.Collect$$libinit$$00000033          0x08000162   Section        2  libinit2.o(.ARM.Collect$$libinit$$00000033)
    .ARM.Collect$$libshutdown$$00000000      0x08000164   Section        2  libshutdown.o(.ARM.Collect$$libshutdown$$00000000)
    .ARM.Collect$$libshutdown$$00000002      0x08000166   Section        0  libshutdown2.o(.ARM.Collect$$libshutdown$$00000002)
    .ARM.Collect$$libshutdown$$00000004      0x08000166   Section        0  libshutdown2.o(.ARM.Collect$$libshutdown$$00000004)
    .ARM.Collect$$libshutdown$$00000007      0x08000166   Section        0  libshutdown2.o(.ARM.Collect$$libshutdown$$00000007)
    .ARM.Collect$$libshutdown$$0000000A      0x08000166   Section        0  libshutdown2.o(.ARM.Collect$$libshutdown$$0000000A)
    .ARM.Collect$$libshutdown$$0000000C      0x08000166   Section        0  libshutdown2.o(.ARM.Collect$$libshutdown$$0000000C)
    .ARM.Collect$$libshutdown$$0000000F      0x08000166   Section        0  libshutdown2.o(.ARM.Collect$$libshutdown$$0000000F)
    .ARM.Collect$$libshutdown$$00000010      0x08000166   Section        2  libshutdown2.o(.ARM.Collect$$libshutdown$$00000010)
    .ARM.Collect$$rtentry$$00000000          0x08000168   Section        0  __rtentry.o(.ARM.Collect$$rtentry$$00000000)
    .ARM.Collect$$rtentry$$00000002          0x08000168   Section        0  __rtentry2.o(.ARM.Collect$$rtentry$$00000002)
    .ARM.Collect$$rtentry$$00000004          0x08000168   Section        6  __rtentry4.o(.ARM.Collect$$rtentry$$00000004)
    .ARM.Collect$$rtentry$$00000009          0x0800016e   Section        0  __rtentry2.o(.ARM.Collect$$rtentry$$00000009)
    .ARM.Collect$$rtentry$$0000000A          0x0800016e   Section        4  __rtentry2.o(.ARM.Collect$$rtentry$$0000000A)
    .ARM.Collect$$rtentry$$0000000C          0x08000172   Section        0  __rtentry2.o(.ARM.Collect$$rtentry$$0000000C)
    .ARM.Collect$$rtentry$$0000000D          0x08000172   Section        8  __rtentry2.o(.ARM.Collect$$rtentry$$0000000D)
    .ARM.Collect$$rtexit$$00000000           0x0800017a   Section        2  rtexit.o(.ARM.Collect$$rtexit$$00000000)
    .ARM.Collect$$rtexit$$00000002           0x0800017c   Section        0  rtexit2.o(.ARM.Collect$$rtexit$$00000002)
    .ARM.Collect$$rtexit$$00000003           0x0800017c   Section        4  rtexit2.o(.ARM.Collect$$rtexit$$00000003)
    .ARM.Collect$$rtexit$$00000004           0x08000180   Section        6  rtexit2.o(.ARM.Collect$$rtexit$$00000004)
    .text                                    0x08000188   Section       64  startup_stm32f103xb.o(.text)
    .text                                    0x080001c8   Section        0  strstr.o(.text)
    .text                                    0x080001ec   Section      138  rt_memcpy_v6.o(.text)
    .text                                    0x08000276   Section       68  rt_memclr.o(.text)
    .text                                    0x080002ba   Section       78  rt_memclr_w.o(.text)
    .text                                    0x08000308   Section        0  heapauxi.o(.text)
    .text                                    0x0800030e   Section      100  rt_memcpy_w.o(.text)
    .text                                    0x08000372   Section       74  sys_stackheap_outer.o(.text)
    .text                                    0x080003bc   Section        0  exit.o(.text)
    .text                                    0x080003d0   Section        8  libspace.o(.text)
    .text                                    0x080003d8   Section        0  sys_exit.o(.text)
    .text                                    0x080003e4   Section        2  use_no_semi.o(.text)
    .text                                    0x080003e6   Section        0  indicate_semi.o(.text)
    i.BusFault_Handler                       0x080003e6   Section        0  stm32f1xx_it.o(i.BusFault_Handler)
    i.DHT11                                  0x080003e8   Section        0  dht11.o(i.DHT11)
    i.DHT11_Check                            0x080003f8   Section        0  dht11.o(i.DHT11_Check)
    i.DHT11_GPIO_MODE_SET                    0x08000418   Section        0  dht11.o(i.DHT11_GPIO_MODE_SET)
    DHT11_GPIO_MODE_SET                      0x08000419   Thumb Code    40  dht11.o(i.DHT11_GPIO_MODE_SET)
    i.DHT11_READ_BIT                         0x08000444   Section        0  dht11.o(i.DHT11_READ_BIT)
    i.DHT11_READ_BYTE                        0x0800047c   Section        0  dht11.o(i.DHT11_READ_BYTE)
    i.DHT11_READ_DATA                        0x0800049c   Section        0  dht11.o(i.DHT11_READ_DATA)
    i.DHT11_START                            0x08000534   Section        0  dht11.o(i.DHT11_START)
    i.DMA1_Channel2_IRQHandler               0x0800055c   Section        0  stm32f1xx_it.o(i.DMA1_Channel2_IRQHandler)
    i.DMA_SetConfig                          0x08000568   Section        0  stm32f1xx_hal_dma.o(i.DMA_SetConfig)
    DMA_SetConfig                            0x08000569   Thumb Code    42  stm32f1xx_hal_dma.o(i.DMA_SetConfig)
    i.DebugMon_Handler                       0x08000592   Section        0  stm32f1xx_it.o(i.DebugMon_Handler)
    i.Error_Handler                          0x08000594   Section        0  main.o(i.Error_Handler)
    i.Get_Front_Dis                          0x08000598   Section        0  hc_sr04.o(i.Get_Front_Dis)
    i.HAL_DMA_Abort                          0x0800062c   Section        0  stm32f1xx_hal_dma.o(i.HAL_DMA_Abort)
    i.HAL_DMA_Abort_IT                       0x08000674   Section        0  stm32f1xx_hal_dma.o(i.HAL_DMA_Abort_IT)
    i.HAL_DMA_IRQHandler                     0x0800070c   Section        0  stm32f1xx_hal_dma.o(i.HAL_DMA_IRQHandler)
    i.HAL_DMA_Init                           0x08000860   Section        0  stm32f1xx_hal_dma.o(i.HAL_DMA_Init)
    i.HAL_DMA_Start_IT                       0x080008bc   Section        0  stm32f1xx_hal_dma.o(i.HAL_DMA_Start_IT)
    i.HAL_Delay                              0x0800092c   Section        0  stm32f1xx_hal.o(i.HAL_Delay)
    i.HAL_GPIO_Init                          0x08000950   Section        0  stm32f1xx_hal_gpio.o(i.HAL_GPIO_Init)
    i.HAL_GPIO_ReadPin                       0x08000b30   Section        0  stm32f1xx_hal_gpio.o(i.HAL_GPIO_ReadPin)
    i.HAL_GPIO_WritePin                      0x08000b3a   Section        0  stm32f1xx_hal_gpio.o(i.HAL_GPIO_WritePin)
    i.HAL_GetTick                            0x08000b44   Section        0  stm32f1xx_hal.o(i.HAL_GetTick)
    i.HAL_IncTick                            0x08000b50   Section        0  stm32f1xx_hal.o(i.HAL_IncTick)
    i.HAL_Init                               0x08000b60   Section        0  stm32f1xx_hal.o(i.HAL_Init)
    i.HAL_InitTick                           0x08000b84   Section        0  stm32f1xx_hal.o(i.HAL_InitTick)
    i.HAL_MspInit                            0x08000bc4   Section        0  stm32f1xx_hal_msp.o(i.HAL_MspInit)
    i.HAL_NVIC_EnableIRQ                     0x08000c00   Section        0  stm32f1xx_hal_cortex.o(i.HAL_NVIC_EnableIRQ)
    i.HAL_NVIC_SetPriority                   0x08000c1c   Section        0  stm32f1xx_hal_cortex.o(i.HAL_NVIC_SetPriority)
    i.HAL_NVIC_SetPriorityGrouping           0x08000c5c   Section        0  stm32f1xx_hal_cortex.o(i.HAL_NVIC_SetPriorityGrouping)
    i.HAL_RCC_ClockConfig                    0x08000c80   Section        0  stm32f1xx_hal_rcc.o(i.HAL_RCC_ClockConfig)
    i.HAL_RCC_GetHCLKFreq                    0x08000dac   Section        0  stm32f1xx_hal_rcc.o(i.HAL_RCC_GetHCLKFreq)
    i.HAL_RCC_GetPCLK1Freq                   0x08000db8   Section        0  stm32f1xx_hal_rcc.o(i.HAL_RCC_GetPCLK1Freq)
    i.HAL_RCC_GetPCLK2Freq                   0x08000dd8   Section        0  stm32f1xx_hal_rcc.o(i.HAL_RCC_GetPCLK2Freq)
    i.HAL_RCC_GetSysClockFreq                0x08000df8   Section        0  stm32f1xx_hal_rcc.o(i.HAL_RCC_GetSysClockFreq)
    i.HAL_RCC_OscConfig                      0x08000e64   Section        0  stm32f1xx_hal_rcc.o(i.HAL_RCC_OscConfig)
    i.HAL_SYSTICK_Config                     0x08001184   Section        0  stm32f1xx_hal_cortex.o(i.HAL_SYSTICK_Config)
    i.HAL_TIMEx_BreakCallback                0x080011ac   Section        0  stm32f1xx_hal_tim_ex.o(i.HAL_TIMEx_BreakCallback)
    i.HAL_TIMEx_CommutCallback               0x080011ae   Section        0  stm32f1xx_hal_tim_ex.o(i.HAL_TIMEx_CommutCallback)
    i.HAL_TIMEx_ConfigBreakDeadTime          0x080011b0   Section        0  stm32f1xx_hal_tim_ex.o(i.HAL_TIMEx_ConfigBreakDeadTime)
    i.HAL_TIMEx_MasterConfigSynchronization  0x08001204   Section        0  stm32f1xx_hal_tim_ex.o(i.HAL_TIMEx_MasterConfigSynchronization)
    i.HAL_TIM_Base_Init                      0x0800126c   Section        0  stm32f1xx_hal_tim.o(i.HAL_TIM_Base_Init)
    i.HAL_TIM_Base_MspInit                   0x080012c8   Section        0  stm32f1xx_hal_msp.o(i.HAL_TIM_Base_MspInit)
    i.HAL_TIM_Base_Start_IT                  0x080013ac   Section        0  stm32f1xx_hal_tim.o(i.HAL_TIM_Base_Start_IT)
    i.HAL_TIM_ConfigClockSource              0x08001404   Section        0  stm32f1xx_hal_tim.o(i.HAL_TIM_ConfigClockSource)
    i.HAL_TIM_IC_CaptureCallback             0x080014dc   Section        0  hc_sr04.o(i.HAL_TIM_IC_CaptureCallback)
    i.HAL_TIM_IC_ConfigChannel               0x08001540   Section        0  stm32f1xx_hal_tim.o(i.HAL_TIM_IC_ConfigChannel)
    i.HAL_TIM_IC_Init                        0x0800164e   Section        0  stm32f1xx_hal_tim.o(i.HAL_TIM_IC_Init)
    i.HAL_TIM_IC_MspInit                     0x080016a8   Section        0  stm32f1xx_hal_tim.o(i.HAL_TIM_IC_MspInit)
    i.HAL_TIM_IC_Start_IT                    0x080016ac   Section        0  stm32f1xx_hal_tim.o(i.HAL_TIM_IC_Start_IT)
    i.HAL_TIM_IC_Stop_IT                     0x0800178c   Section        0  stm32f1xx_hal_tim.o(i.HAL_TIM_IC_Stop_IT)
    i.HAL_TIM_IRQHandler                     0x08001812   Section        0  stm32f1xx_hal_tim.o(i.HAL_TIM_IRQHandler)
    i.HAL_TIM_MspPostInit                    0x08001978   Section        0  stm32f1xx_hal_msp.o(i.HAL_TIM_MspPostInit)
    i.HAL_TIM_OC_DelayElapsedCallback        0x080019c4   Section        0  stm32f1xx_hal_tim.o(i.HAL_TIM_OC_DelayElapsedCallback)
    i.HAL_TIM_PWM_ConfigChannel              0x080019c6   Section        0  stm32f1xx_hal_tim.o(i.HAL_TIM_PWM_ConfigChannel)
    i.HAL_TIM_PWM_Init                       0x08001a8c   Section        0  stm32f1xx_hal_tim.o(i.HAL_TIM_PWM_Init)
    i.HAL_TIM_PWM_MspInit                    0x08001ae6   Section        0  stm32f1xx_hal_tim.o(i.HAL_TIM_PWM_MspInit)
    i.HAL_TIM_PWM_PulseFinishedCallback      0x08001ae8   Section        0  stm32f1xx_hal_tim.o(i.HAL_TIM_PWM_PulseFinishedCallback)
    i.HAL_TIM_PWM_Start                      0x08001aec   Section        0  stm32f1xx_hal_tim.o(i.HAL_TIM_PWM_Start)
    i.HAL_TIM_PeriodElapsedCallback          0x08001b88   Section        0  stm32f1xx_hal_tim.o(i.HAL_TIM_PeriodElapsedCallback)
    i.HAL_TIM_ReadCapturedValue              0x08001b8a   Section        0  stm32f1xx_hal_tim.o(i.HAL_TIM_ReadCapturedValue)
    i.HAL_TIM_TriggerCallback                0x08001bb4   Section        0  stm32f1xx_hal_tim.o(i.HAL_TIM_TriggerCallback)
    i.HAL_UARTEx_RxEventCallback             0x08001bb6   Section        0  stm32f1xx_hal_uart.o(i.HAL_UARTEx_RxEventCallback)
    i.HAL_UART_ErrorCallback                 0x08001bb8   Section        0  stm32f1xx_hal_uart.o(i.HAL_UART_ErrorCallback)
    i.HAL_UART_IRQHandler                    0x08001bbc   Section        0  stm32f1xx_hal_uart.o(i.HAL_UART_IRQHandler)
    i.HAL_UART_Init                          0x08001dc8   Section        0  stm32f1xx_hal_uart.o(i.HAL_UART_Init)
    i.HAL_UART_MspInit                       0x08001e2c   Section        0  stm32f1xx_hal_msp.o(i.HAL_UART_MspInit)
    i.HAL_UART_Receive_IT                    0x08001f3c   Section        0  stm32f1xx_hal_uart.o(i.HAL_UART_Receive_IT)
    i.HAL_UART_RxCpltCallback                0x08001f68   Section        0  main.o(i.HAL_UART_RxCpltCallback)
    i.HAL_UART_Transmit_DMA                  0x08001fe8   Section        0  stm32f1xx_hal_uart.o(i.HAL_UART_Transmit_DMA)
    i.HAL_UART_TxCpltCallback                0x08002068   Section        0  stm32f1xx_hal_uart.o(i.HAL_UART_TxCpltCallback)
    i.HAL_UART_TxHalfCpltCallback            0x0800206a   Section        0  stm32f1xx_hal_uart.o(i.HAL_UART_TxHalfCpltCallback)
    i.HardFault_Handler                      0x0800206c   Section        0  stm32f1xx_it.o(i.HardFault_Handler)
    i.MX_GPIO_Init                           0x08002070   Section        0  main.o(i.MX_GPIO_Init)
    MX_GPIO_Init                             0x08002071   Thumb Code   120  main.o(i.MX_GPIO_Init)
    i.MX_TIM1_Init                           0x080020f0   Section        0  main.o(i.MX_TIM1_Init)
    MX_TIM1_Init                             0x080020f1   Thumb Code   238  main.o(i.MX_TIM1_Init)
    i.MX_TIM2_Init                           0x080021e8   Section        0  main.o(i.MX_TIM2_Init)
    MX_TIM2_Init                             0x080021e9   Thumb Code    96  main.o(i.MX_TIM2_Init)
    i.MX_TIM3_Init                           0x0800224c   Section        0  main.o(i.MX_TIM3_Init)
    MX_TIM3_Init                             0x0800224d   Thumb Code   142  main.o(i.MX_TIM3_Init)
    i.MX_TIM4_Init                           0x080022e4   Section        0  main.o(i.MX_TIM4_Init)
    MX_TIM4_Init                             0x080022e5   Thumb Code    96  main.o(i.MX_TIM4_Init)
    i.MemManage_Handler                      0x0800234c   Section        0  stm32f1xx_it.o(i.MemManage_Handler)
    i.NMI_Handler                            0x0800234e   Section        0  stm32f1xx_it.o(i.NMI_Handler)
    i.ParseGps                               0x08002350   Section        0  atgm336.o(i.ParseGps)
    i.PendSV_Handler                         0x0800240c   Section        0  stm32f1xx_it.o(i.PendSV_Handler)
    i.SVC_Handler                            0x0800240e   Section        0  stm32f1xx_it.o(i.SVC_Handler)
    i.SysTick_Handler                        0x08002410   Section        0  stm32f1xx_it.o(i.SysTick_Handler)
    i.SystemClock_Config                     0x08002414   Section        0  main.o(i.SystemClock_Config)
    i.SystemInit                             0x08002472   Section        0  system_stm32f1xx.o(i.SystemInit)
    i.TIM2_IRQHandler                        0x08002474   Section        0  stm32f1xx_it.o(i.TIM2_IRQHandler)
    i.TIM3_IRQHandler                        0x08002528   Section        0  stm32f1xx_it.o(i.TIM3_IRQHandler)
    i.TIM4_IRQHandler                        0x08002534   Section        0  stm32f1xx_it.o(i.TIM4_IRQHandler)
    i.TIM_Base_SetConfig                     0x08002540   Section        0  stm32f1xx_hal_tim.o(i.TIM_Base_SetConfig)
    i.TIM_CCxChannelCmd                      0x080025ac   Section        0  stm32f1xx_hal_tim.o(i.TIM_CCxChannelCmd)
    i.TIM_ETR_SetConfig                      0x080025c6   Section        0  stm32f1xx_hal_tim.o(i.TIM_ETR_SetConfig)
    i.TIM_ITRx_SetConfig                     0x080025da   Section        0  stm32f1xx_hal_tim.o(i.TIM_ITRx_SetConfig)
    TIM_ITRx_SetConfig                       0x080025db   Thumb Code    16  stm32f1xx_hal_tim.o(i.TIM_ITRx_SetConfig)
    i.TIM_OC1_SetConfig                      0x080025ec   Section        0  stm32f1xx_hal_tim.o(i.TIM_OC1_SetConfig)
    TIM_OC1_SetConfig                        0x080025ed   Thumb Code    74  stm32f1xx_hal_tim.o(i.TIM_OC1_SetConfig)
    i.TIM_OC2_SetConfig                      0x0800263c   Section        0  stm32f1xx_hal_tim.o(i.TIM_OC2_SetConfig)
    i.TIM_OC3_SetConfig                      0x08002694   Section        0  stm32f1xx_hal_tim.o(i.TIM_OC3_SetConfig)
    TIM_OC3_SetConfig                        0x08002695   Thumb Code    82  stm32f1xx_hal_tim.o(i.TIM_OC3_SetConfig)
    i.TIM_OC4_SetConfig                      0x080026ec   Section        0  stm32f1xx_hal_tim.o(i.TIM_OC4_SetConfig)
    TIM_OC4_SetConfig                        0x080026ed   Thumb Code    64  stm32f1xx_hal_tim.o(i.TIM_OC4_SetConfig)
    i.TIM_TI1_ConfigInputStage               0x08002730   Section        0  stm32f1xx_hal_tim.o(i.TIM_TI1_ConfigInputStage)
    TIM_TI1_ConfigInputStage                 0x08002731   Thumb Code    34  stm32f1xx_hal_tim.o(i.TIM_TI1_ConfigInputStage)
    i.TIM_TI1_SetConfig                      0x08002754   Section        0  stm32f1xx_hal_tim.o(i.TIM_TI1_SetConfig)
    i.TIM_TI2_ConfigInputStage               0x080027ac   Section        0  stm32f1xx_hal_tim.o(i.TIM_TI2_ConfigInputStage)
    TIM_TI2_ConfigInputStage                 0x080027ad   Thumb Code    36  stm32f1xx_hal_tim.o(i.TIM_TI2_ConfigInputStage)
    i.TIM_TI2_SetConfig                      0x080027d0   Section        0  stm32f1xx_hal_tim.o(i.TIM_TI2_SetConfig)
    TIM_TI2_SetConfig                        0x080027d1   Thumb Code    54  stm32f1xx_hal_tim.o(i.TIM_TI2_SetConfig)
    i.Tims_delay_us                          0x08002808   Section        0  dht11.o(i.Tims_delay_us)
    i.UART_DMAAbortOnError                   0x08002824   Section        0  stm32f1xx_hal_uart.o(i.UART_DMAAbortOnError)
    UART_DMAAbortOnError                     0x08002825   Thumb Code    16  stm32f1xx_hal_uart.o(i.UART_DMAAbortOnError)
    i.UART_DMAError                          0x08002834   Section        0  stm32f1xx_hal_uart.o(i.UART_DMAError)
    UART_DMAError                            0x08002835   Thumb Code    74  stm32f1xx_hal_uart.o(i.UART_DMAError)
    i.UART_DMATransmitCplt                   0x0800287e   Section        0  stm32f1xx_hal_uart.o(i.UART_DMATransmitCplt)
    UART_DMATransmitCplt                     0x0800287f   Thumb Code    46  stm32f1xx_hal_uart.o(i.UART_DMATransmitCplt)
    i.UART_DMATxHalfCplt                     0x080028ac   Section        0  stm32f1xx_hal_uart.o(i.UART_DMATxHalfCplt)
    UART_DMATxHalfCplt                       0x080028ad   Thumb Code    10  stm32f1xx_hal_uart.o(i.UART_DMATxHalfCplt)
    i.UART_EndRxTransfer                     0x080028b6   Section        0  stm32f1xx_hal_uart.o(i.UART_EndRxTransfer)
    UART_EndRxTransfer                       0x080028b7   Thumb Code    48  stm32f1xx_hal_uart.o(i.UART_EndRxTransfer)
    i.UART_EndTxTransfer                     0x080028e6   Section        0  stm32f1xx_hal_uart.o(i.UART_EndTxTransfer)
    UART_EndTxTransfer                       0x080028e7   Thumb Code    18  stm32f1xx_hal_uart.o(i.UART_EndTxTransfer)
    i.UART_Receive_IT                        0x080028f8   Section        0  stm32f1xx_hal_uart.o(i.UART_Receive_IT)
    UART_Receive_IT                          0x080028f9   Thumb Code   182  stm32f1xx_hal_uart.o(i.UART_Receive_IT)
    i.UART_SetConfig                         0x080029b0   Section        0  stm32f1xx_hal_uart.o(i.UART_SetConfig)
    UART_SetConfig                           0x080029b1   Thumb Code   178  stm32f1xx_hal_uart.o(i.UART_SetConfig)
    i.UART_Start_Receive_IT                  0x08002a68   Section        0  stm32f1xx_hal_uart.o(i.UART_Start_Receive_IT)
    i.USART2_IRQHandler                      0x08002aa0   Section        0  stm32f1xx_it.o(i.USART2_IRQHandler)
    i.USART3_IRQHandler                      0x08002aac   Section        0  stm32f1xx_it.o(i.USART3_IRQHandler)
    i.UsageFault_Handler                     0x08002ab8   Section        0  stm32f1xx_it.o(i.UsageFault_Handler)
    i.__NVIC_SetPriority                     0x08002aba   Section        0  stm32f1xx_hal_cortex.o(i.__NVIC_SetPriority)
    __NVIC_SetPriority                       0x08002abb   Thumb Code    32  stm32f1xx_hal_cortex.o(i.__NVIC_SetPriority)
    i.delay_us                               0x08002adc   Section        0  hc_sr04.o(i.delay_us)
    i.get_dis_str                            0x08002af8   Section        0  hc_sr04.o(i.get_dis_str)
    i.main                                   0x08002b8c   Section        0  main.o(i.main)
    i.printGpsBuffer                         0x08002cec   Section        0  atgm336.o(i.printGpsBuffer)
    i.set_L_pwm                              0x08002f58   Section        0  stm32f1xx_it.o(i.set_L_pwm)
    i.set_R_pwm                              0x08002f78   Section        0  stm32f1xx_it.o(i.set_R_pwm)
    x$fpl$d2f                                0x08002f98   Section       98  d2f.o(x$fpl$d2f)
    x$fpl$dcheck1                            0x08002ffc   Section       16  dcheck1.o(x$fpl$dcheck1)
    x$fpl$dfltu                              0x0800300c   Section       38  dflt_clz.o(x$fpl$dfltu)
    x$fpl$dmul                               0x08003034   Section      340  dmul.o(x$fpl$dmul)
    x$fpl$dnaninf                            0x08003188   Section      156  dnaninf.o(x$fpl$dnaninf)
    x$fpl$dretinf                            0x08003224   Section       12  dretinf.o(x$fpl$dretinf)
    x$fpl$fadd                               0x08003230   Section      196  faddsub_clz.o(x$fpl$fadd)
    _fadd1                                   0x0800323f   Thumb Code     0  faddsub_clz.o(x$fpl$fadd)
    x$fpl$fdiv                               0x080032f4   Section      388  fdiv.o(x$fpl$fdiv)
    _fdiv1                                   0x080032f5   Thumb Code     0  fdiv.o(x$fpl$fdiv)
    x$fpl$ffix                               0x08003478   Section       54  ffix.o(x$fpl$ffix)
    x$fpl$ffixu                              0x080034b0   Section       62  ffixu.o(x$fpl$ffixu)
    x$fpl$fflt                               0x080034f0   Section       48  fflt_clz.o(x$fpl$fflt)
    x$fpl$ffltu                              0x08003520   Section       38  fflt_clz.o(x$fpl$ffltu)
    x$fpl$fmul                               0x08003548   Section      258  fmul.o(x$fpl$fmul)
    x$fpl$fnaninf                            0x0800364a   Section      140  fnaninf.o(x$fpl$fnaninf)
    x$fpl$fretinf                            0x080036d6   Section       10  fretinf.o(x$fpl$fretinf)
    x$fpl$frsb                               0x080036e0   Section       20  faddsub_clz.o(x$fpl$frsb)
    x$fpl$fsub                               0x080036f4   Section      234  faddsub_clz.o(x$fpl$fsub)
    _fsub1                                   0x08003703   Thumb Code     0  faddsub_clz.o(x$fpl$fsub)
    x$fpl$retnan                             0x080037de   Section      100  retnan.o(x$fpl$retnan)
    x$fpl$scalbn                             0x08003842   Section       92  scalbn.o(x$fpl$scalbn)
    x$fpl$trapveneer                         0x0800389e   Section       48  trapv.o(x$fpl$trapveneer)
    .constdata                               0x080038ce   Section       16  system_stm32f1xx.o(.constdata)
    x$fpl$usenofp                            0x080038ce   Section        0  usenofp.o(x$fpl$usenofp)
    .constdata                               0x080038de   Section        8  system_stm32f1xx.o(.constdata)
    .data                                    0x20000000   Section       10  dht11.o(.data)
    .data                                    0x2000000c   Section        8  atgm336.o(.data)
    .data                                    0x20000014   Section       16  hc_sr04.o(.data)
    .data                                    0x20000024   Section        8  main.o(.data)
    .data                                    0x2000002c   Section       12  stm32f1xx_hal.o(.data)
    .data                                    0x20000038   Section        4  system_stm32f1xx.o(.data)
    .bss                                     0x2000003c   Section      144  atgm336.o(.bss)
    .bss                                     0x200000cc   Section      128  atgm336.o(.bss)
    .bss                                     0x2000014c   Section       12  hc_sr04.o(.bss)
    .bss                                     0x20000158   Section      456  main.o(.bss)
    .bss                                     0x20000320   Section       68  main.o(.bss)
    .bss                                     0x20000364   Section       20  stm32f1xx_it.o(.bss)
    .bss                                     0x20000378   Section       96  libspace.o(.bss)
    HEAP                                     0x200003d8   Section      512  startup_stm32f103xb.o(HEAP)
    Heap_Mem                                 0x200003d8   Data         512  startup_stm32f103xb.o(HEAP)
    STACK                                    0x200005d8   Section     1024  startup_stm32f103xb.o(STACK)
    Stack_Mem                                0x200005d8   Data        1024  startup_stm32f103xb.o(STACK)
    __initial_sp                             0x200009d8   Data           0  startup_stm32f103xb.o(STACK)

    Global Symbols

    Symbol Name                              Value     Ov Type        Size  Object(Section)

    BuildAttributes$$THM_ISAv4$P$D$K$B$S$PE$A:L22UL41UL21$X:L11$S22US41US21$IEEE1$IW$USESV6$~STKCKD$USESV7$~SHL$OSPACE$ROPI$EBA8$UX$STANDARDLIB$REQ8$PRES8$EABIv2 0x00000000   Number         0  anon$$obj.o ABSOLUTE
    __ARM_use_no_argv                        0x00000000   Number         0  main.o ABSOLUTE
    __ARM_exceptions_init                     - Undefined Weak Reference
    __alloca_initialize                       - Undefined Weak Reference
    __arm_preinit_                            - Undefined Weak Reference
    __cpp_initialize__aeabi_                  - Undefined Weak Reference
    __cxa_finalize                            - Undefined Weak Reference
    __rt_locale                               - Undefined Weak Reference
    __sigvec_lookup                           - Undefined Weak Reference
    _atexit_init                              - Undefined Weak Reference
    _call_atexit_fns                          - Undefined Weak Reference
    _clock_init                               - Undefined Weak Reference
    _fp_trap_init                             - Undefined Weak Reference
    _fp_trap_shutdown                         - Undefined Weak Reference
    _get_lc_collate                           - Undefined Weak Reference
    _get_lc_ctype                             - Undefined Weak Reference
    _get_lc_monetary                          - Undefined Weak Reference
    _get_lc_numeric                           - Undefined Weak Reference
    _get_lc_time                              - Undefined Weak Reference
    _getenv_init                              - Undefined Weak Reference
    _handle_redirection                       - Undefined Weak Reference
    _init_alloc                               - Undefined Weak Reference
    _init_user_alloc                          - Undefined Weak Reference
    _initio                                   - Undefined Weak Reference
    _rand_init                                - Undefined Weak Reference
    _signal_finish                            - Undefined Weak Reference
    _signal_init                              - Undefined Weak Reference
    _terminate_alloc                          - Undefined Weak Reference
    _terminate_user_alloc                     - Undefined Weak Reference
    _terminateio                              - Undefined Weak Reference
    __Vectors_Size                           0x000000ec   Number         0  startup_stm32f103xb.o ABSOLUTE
    __Vectors                                0x08000000   Data           4  startup_stm32f103xb.o(RESET)
    __Vectors_End                            0x080000ec   Data           0  startup_stm32f103xb.o(RESET)
    __main                                   0x080000ed   Thumb Code     8  __main.o(!!!main)
    __scatterload                            0x080000f5   Thumb Code     0  __scatter.o(!!!scatter)
    __scatterload_rt2                        0x080000f5   Thumb Code    44  __scatter.o(!!!scatter)
    __scatterload_rt2_thumb_only             0x080000f5   Thumb Code     0  __scatter.o(!!!scatter)
    __scatterload_null                       0x08000103   Thumb Code     0  __scatter.o(!!!scatter)
    __scatterload_copy                       0x08000129   Thumb Code    26  __scatter_copy.o(!!handler_copy)
    __scatterload_zeroinit                   0x08000145   Thumb Code    28  __scatter_zi.o(!!handler_zi)
    __rt_lib_init                            0x08000161   Thumb Code     0  libinit.o(.ARM.Collect$$libinit$$00000000)
    __rt_lib_init_alloca_1                   0x08000163   Thumb Code     0  libinit2.o(.ARM.Collect$$libinit$$0000002E)
    __rt_lib_init_argv_1                     0x08000163   Thumb Code     0  libinit2.o(.ARM.Collect$$libinit$$0000002C)
    __rt_lib_init_atexit_1                   0x08000163   Thumb Code     0  libinit2.o(.ARM.Collect$$libinit$$0000001B)
    __rt_lib_init_clock_1                    0x08000163   Thumb Code     0  libinit2.o(.ARM.Collect$$libinit$$00000021)
    __rt_lib_init_cpp_1                      0x08000163   Thumb Code     0  libinit2.o(.ARM.Collect$$libinit$$00000032)
    __rt_lib_init_exceptions_1               0x08000163   Thumb Code     0  libinit2.o(.ARM.Collect$$libinit$$00000030)
    __rt_lib_init_fp_1                       0x08000163   Thumb Code     0  libinit2.o(.ARM.Collect$$libinit$$00000002)
    __rt_lib_init_fp_trap_1                  0x08000163   Thumb Code     0  libinit2.o(.ARM.Collect$$libinit$$0000001F)
    __rt_lib_init_getenv_1                   0x08000163   Thumb Code     0  libinit2.o(.ARM.Collect$$libinit$$00000023)
    __rt_lib_init_heap_1                     0x08000163   Thumb Code     0  libinit2.o(.ARM.Collect$$libinit$$0000000A)
    __rt_lib_init_lc_collate_1               0x08000163   Thumb Code     0  libinit2.o(.ARM.Collect$$libinit$$00000011)
    __rt_lib_init_lc_ctype_1                 0x08000163   Thumb Code     0  libinit2.o(.ARM.Collect$$libinit$$00000013)
    __rt_lib_init_lc_monetary_1              0x08000163   Thumb Code     0  libinit2.o(.ARM.Collect$$libinit$$00000015)
    __rt_lib_init_lc_numeric_1               0x08000163   Thumb Code     0  libinit2.o(.ARM.Collect$$libinit$$00000017)
    __rt_lib_init_lc_time_1                  0x08000163   Thumb Code     0  libinit2.o(.ARM.Collect$$libinit$$00000019)
    __rt_lib_init_preinit_1                  0x08000163   Thumb Code     0  libinit2.o(.ARM.Collect$$libinit$$00000004)
    __rt_lib_init_rand_1                     0x08000163   Thumb Code     0  libinit2.o(.ARM.Collect$$libinit$$0000000E)
    __rt_lib_init_return                     0x08000163   Thumb Code     0  libinit2.o(.ARM.Collect$$libinit$$00000033)
    __rt_lib_init_signal_1                   0x08000163   Thumb Code     0  libinit2.o(.ARM.Collect$$libinit$$0000001D)
    __rt_lib_init_stdio_1                    0x08000163   Thumb Code     0  libinit2.o(.ARM.Collect$$libinit$$00000025)
    __rt_lib_init_user_alloc_1               0x08000163   Thumb Code     0  libinit2.o(.ARM.Collect$$libinit$$0000000C)
    __rt_lib_shutdown                        0x08000165   Thumb Code     0  libshutdown.o(.ARM.Collect$$libshutdown$$00000000)
    __rt_lib_shutdown_cpp_1                  0x08000167   Thumb Code     0  libshutdown2.o(.ARM.Collect$$libshutdown$$00000002)
    __rt_lib_shutdown_fp_trap_1              0x08000167   Thumb Code     0  libshutdown2.o(.ARM.Collect$$libshutdown$$00000007)
    __rt_lib_shutdown_heap_1                 0x08000167   Thumb Code     0  libshutdown2.o(.ARM.Collect$$libshutdown$$0000000F)
    __rt_lib_shutdown_return                 0x08000167   Thumb Code     0  libshutdown2.o(.ARM.Collect$$libshutdown$$00000010)
    __rt_lib_shutdown_signal_1               0x08000167   Thumb Code     0  libshutdown2.o(.ARM.Collect$$libshutdown$$0000000A)
    __rt_lib_shutdown_stdio_1                0x08000167   Thumb Code     0  libshutdown2.o(.ARM.Collect$$libshutdown$$00000004)
    __rt_lib_shutdown_user_alloc_1           0x08000167   Thumb Code     0  libshutdown2.o(.ARM.Collect$$libshutdown$$0000000C)
    __rt_entry                               0x08000169   Thumb Code     0  __rtentry.o(.ARM.Collect$$rtentry$$00000000)
    __rt_entry_presh_1                       0x08000169   Thumb Code     0  __rtentry2.o(.ARM.Collect$$rtentry$$00000002)
    __rt_entry_sh                            0x08000169   Thumb Code     0  __rtentry4.o(.ARM.Collect$$rtentry$$00000004)
    __rt_entry_li                            0x0800016f   Thumb Code     0  __rtentry2.o(.ARM.Collect$$rtentry$$0000000A)
    __rt_entry_postsh_1                      0x0800016f   Thumb Code     0  __rtentry2.o(.ARM.Collect$$rtentry$$00000009)
    __rt_entry_main                          0x08000173   Thumb Code     0  __rtentry2.o(.ARM.Collect$$rtentry$$0000000D)
    __rt_entry_postli_1                      0x08000173   Thumb Code     0  __rtentry2.o(.ARM.Collect$$rtentry$$0000000C)
    __rt_exit                                0x0800017b   Thumb Code     0  rtexit.o(.ARM.Collect$$rtexit$$00000000)
    __rt_exit_ls                             0x0800017d   Thumb Code     0  rtexit2.o(.ARM.Collect$$rtexit$$00000003)
    __rt_exit_prels_1                        0x0800017d   Thumb Code     0  rtexit2.o(.ARM.Collect$$rtexit$$00000002)
    __rt_exit_exit                           0x08000181   Thumb Code     0  rtexit2.o(.ARM.Collect$$rtexit$$00000004)
    Reset_Handler                            0x08000189   Thumb Code     8  startup_stm32f103xb.o(.text)
    ADC1_2_IRQHandler                        0x080001a3   Thumb Code     0  startup_stm32f103xb.o(.text)
    CAN1_RX1_IRQHandler                      0x080001a3   Thumb Code     0  startup_stm32f103xb.o(.text)
    CAN1_SCE_IRQHandler                      0x080001a3   Thumb Code     0  startup_stm32f103xb.o(.text)
    DMA1_Channel1_IRQHandler                 0x080001a3   Thumb Code     0  startup_stm32f103xb.o(.text)
    DMA1_Channel3_IRQHandler                 0x080001a3   Thumb Code     0  startup_stm32f103xb.o(.text)
    DMA1_Channel4_IRQHandler                 0x080001a3   Thumb Code     0  startup_stm32f103xb.o(.text)
    DMA1_Channel5_IRQHandler                 0x080001a3   Thumb Code     0  startup_stm32f103xb.o(.text)
    DMA1_Channel6_IRQHandler                 0x080001a3   Thumb Code     0  startup_stm32f103xb.o(.text)
    DMA1_Channel7_IRQHandler                 0x080001a3   Thumb Code     0  startup_stm32f103xb.o(.text)
    EXTI0_IRQHandler                         0x080001a3   Thumb Code     0  startup_stm32f103xb.o(.text)
    EXTI15_10_IRQHandler                     0x080001a3   Thumb Code     0  startup_stm32f103xb.o(.text)
    EXTI1_IRQHandler                         0x080001a3   Thumb Code     0  startup_stm32f103xb.o(.text)
    EXTI2_IRQHandler                         0x080001a3   Thumb Code     0  startup_stm32f103xb.o(.text)
    EXTI3_IRQHandler                         0x080001a3   Thumb Code     0  startup_stm32f103xb.o(.text)
    EXTI4_IRQHandler                         0x080001a3   Thumb Code     0  startup_stm32f103xb.o(.text)
    EXTI9_5_IRQHandler                       0x080001a3   Thumb Code     0  startup_stm32f103xb.o(.text)
    FLASH_IRQHandler                         0x080001a3   Thumb Code     0  startup_stm32f103xb.o(.text)
    I2C1_ER_IRQHandler                       0x080001a3   Thumb Code     0  startup_stm32f103xb.o(.text)
    I2C1_EV_IRQHandler                       0x080001a3   Thumb Code     0  startup_stm32f103xb.o(.text)
    I2C2_ER_IRQHandler                       0x080001a3   Thumb Code     0  startup_stm32f103xb.o(.text)
    I2C2_EV_IRQHandler                       0x080001a3   Thumb Code     0  startup_stm32f103xb.o(.text)
    PVD_IRQHandler                           0x080001a3   Thumb Code     0  startup_stm32f103xb.o(.text)
    RCC_IRQHandler                           0x080001a3   Thumb Code     0  startup_stm32f103xb.o(.text)
    RTC_Alarm_IRQHandler                     0x080001a3   Thumb Code     0  startup_stm32f103xb.o(.text)
    RTC_IRQHandler                           0x080001a3   Thumb Code     0  startup_stm32f103xb.o(.text)
    SPI1_IRQHandler                          0x080001a3   Thumb Code     0  startup_stm32f103xb.o(.text)
    SPI2_IRQHandler                          0x080001a3   Thumb Code     0  startup_stm32f103xb.o(.text)
    TAMPER_IRQHandler                        0x080001a3   Thumb Code     0  startup_stm32f103xb.o(.text)
    TIM1_BRK_IRQHandler                      0x080001a3   Thumb Code     0  startup_stm32f103xb.o(.text)
    TIM1_CC_IRQHandler                       0x080001a3   Thumb Code     0  startup_stm32f103xb.o(.text)
    TIM1_TRG_COM_IRQHandler                  0x080001a3   Thumb Code     0  startup_stm32f103xb.o(.text)
    TIM1_UP_IRQHandler                       0x080001a3   Thumb Code     0  startup_stm32f103xb.o(.text)
    USART1_IRQHandler                        0x080001a3   Thumb Code     0  startup_stm32f103xb.o(.text)
    USBWakeUp_IRQHandler                     0x080001a3   Thumb Code     0  startup_stm32f103xb.o(.text)
    USB_HP_CAN1_TX_IRQHandler                0x080001a3   Thumb Code     0  startup_stm32f103xb.o(.text)
    USB_LP_CAN1_RX0_IRQHandler               0x080001a3   Thumb Code     0  startup_stm32f103xb.o(.text)
    WWDG_IRQHandler                          0x080001a3   Thumb Code     0  startup_stm32f103xb.o(.text)
    __user_initial_stackheap                 0x080001a5   Thumb Code     0  startup_stm32f103xb.o(.text)
    strstr                                   0x080001c9   Thumb Code    36  strstr.o(.text)
    __aeabi_memcpy                           0x080001ed   Thumb Code     0  rt_memcpy_v6.o(.text)
    __rt_memcpy                              0x080001ed   Thumb Code   138  rt_memcpy_v6.o(.text)
    _memcpy_lastbytes                        0x08000253   Thumb Code     0  rt_memcpy_v6.o(.text)
    __aeabi_memclr                           0x08000277   Thumb Code     0  rt_memclr.o(.text)
    __rt_memclr                              0x08000277   Thumb Code    68  rt_memclr.o(.text)
    _memset                                  0x0800027b   Thumb Code     0  rt_memclr.o(.text)
    __aeabi_memclr4                          0x080002bb   Thumb Code     0  rt_memclr_w.o(.text)
    __aeabi_memclr8                          0x080002bb   Thumb Code     0  rt_memclr_w.o(.text)
    __rt_memclr_w                            0x080002bb   Thumb Code    78  rt_memclr_w.o(.text)
    _memset_w                                0x080002bf   Thumb Code     0  rt_memclr_w.o(.text)
    __use_two_region_memory                  0x08000309   Thumb Code     2  heapauxi.o(.text)
    __rt_heap_escrow$2region                 0x0800030b   Thumb Code     2  heapauxi.o(.text)
    __rt_heap_expand$2region                 0x0800030d   Thumb Code     2  heapauxi.o(.text)
    __aeabi_memcpy4                          0x0800030f   Thumb Code     0  rt_memcpy_w.o(.text)
    __aeabi_memcpy8                          0x0800030f   Thumb Code     0  rt_memcpy_w.o(.text)
    __rt_memcpy_w                            0x0800030f   Thumb Code   100  rt_memcpy_w.o(.text)
    _memcpy_lastbytes_aligned                0x08000357   Thumb Code     0  rt_memcpy_w.o(.text)
    __user_setup_stackheap                   0x08000373   Thumb Code    74  sys_stackheap_outer.o(.text)
    exit                                     0x080003bd   Thumb Code    18  exit.o(.text)
    __user_libspace                          0x080003d1   Thumb Code     8  libspace.o(.text)
    __user_perproc_libspace                  0x080003d1   Thumb Code     0  libspace.o(.text)
    __user_perthread_libspace                0x080003d1   Thumb Code     0  libspace.o(.text)
    _sys_exit                                0x080003d9   Thumb Code     8  sys_exit.o(.text)
    __I$use$semihosting                      0x080003e5   Thumb Code     0  use_no_semi.o(.text)
    __use_no_semihosting_swi                 0x080003e5   Thumb Code     2  use_no_semi.o(.text)
    BusFault_Handler                         0x080003e7   Thumb Code     2  stm32f1xx_it.o(i.BusFault_Handler)
    __semihosting_library_function           0x080003e7   Thumb Code     0  indicate_semi.o(.text)
    DHT11                                    0x080003e9   Thumb Code    16  dht11.o(i.DHT11)
    DHT11_Check                              0x080003f9   Thumb Code    26  dht11.o(i.DHT11_Check)
    DHT11_READ_BIT                           0x08000445   Thumb Code    50  dht11.o(i.DHT11_READ_BIT)
    DHT11_READ_BYTE                          0x0800047d   Thumb Code    32  dht11.o(i.DHT11_READ_BYTE)
    DHT11_READ_DATA                          0x0800049d   Thumb Code   144  dht11.o(i.DHT11_READ_DATA)
    DHT11_START                              0x08000535   Thumb Code    34  dht11.o(i.DHT11_START)
    DMA1_Channel2_IRQHandler                 0x0800055d   Thumb Code     6  stm32f1xx_it.o(i.DMA1_Channel2_IRQHandler)
    DebugMon_Handler                         0x08000593   Thumb Code     2  stm32f1xx_it.o(i.DebugMon_Handler)
    Error_Handler                            0x08000595   Thumb Code     4  main.o(i.Error_Handler)
    Get_Front_Dis                            0x08000599   Thumb Code   120  hc_sr04.o(i.Get_Front_Dis)
    HAL_DMA_Abort                            0x0800062d   Thumb Code    70  stm32f1xx_hal_dma.o(i.HAL_DMA_Abort)
    HAL_DMA_Abort_IT                         0x08000675   Thumb Code   148  stm32f1xx_hal_dma.o(i.HAL_DMA_Abort_IT)
    HAL_DMA_IRQHandler                       0x0800070d   Thumb Code   316  stm32f1xx_hal_dma.o(i.HAL_DMA_IRQHandler)
    HAL_DMA_Init                             0x08000861   Thumb Code    84  stm32f1xx_hal_dma.o(i.HAL_DMA_Init)
    HAL_DMA_Start_IT                         0x080008bd   Thumb Code   112  stm32f1xx_hal_dma.o(i.HAL_DMA_Start_IT)
    HAL_Delay                                0x0800092d   Thumb Code    32  stm32f1xx_hal.o(i.HAL_Delay)
    HAL_GPIO_Init                            0x08000951   Thumb Code   446  stm32f1xx_hal_gpio.o(i.HAL_GPIO_Init)
    HAL_GPIO_ReadPin                         0x08000b31   Thumb Code    10  stm32f1xx_hal_gpio.o(i.HAL_GPIO_ReadPin)
    HAL_GPIO_WritePin                        0x08000b3b   Thumb Code    10  stm32f1xx_hal_gpio.o(i.HAL_GPIO_WritePin)
    HAL_GetTick                              0x08000b45   Thumb Code     6  stm32f1xx_hal.o(i.HAL_GetTick)
    HAL_IncTick                              0x08000b51   Thumb Code    12  stm32f1xx_hal.o(i.HAL_IncTick)
    HAL_Init                                 0x08000b61   Thumb Code    32  stm32f1xx_hal.o(i.HAL_Init)
    HAL_InitTick                             0x08000b85   Thumb Code    54  stm32f1xx_hal.o(i.HAL_InitTick)
    HAL_MspInit                              0x08000bc5   Thumb Code    52  stm32f1xx_hal_msp.o(i.HAL_MspInit)
    HAL_NVIC_EnableIRQ                       0x08000c01   Thumb Code    26  stm32f1xx_hal_cortex.o(i.HAL_NVIC_EnableIRQ)
    HAL_NVIC_SetPriority                     0x08000c1d   Thumb Code    60  stm32f1xx_hal_cortex.o(i.HAL_NVIC_SetPriority)
    HAL_NVIC_SetPriorityGrouping             0x08000c5d   Thumb Code    26  stm32f1xx_hal_cortex.o(i.HAL_NVIC_SetPriorityGrouping)
    HAL_RCC_ClockConfig                      0x08000c81   Thumb Code   280  stm32f1xx_hal_rcc.o(i.HAL_RCC_ClockConfig)
    HAL_RCC_GetHCLKFreq                      0x08000dad   Thumb Code     6  stm32f1xx_hal_rcc.o(i.HAL_RCC_GetHCLKFreq)
    HAL_RCC_GetPCLK1Freq                     0x08000db9   Thumb Code    20  stm32f1xx_hal_rcc.o(i.HAL_RCC_GetPCLK1Freq)
    HAL_RCC_GetPCLK2Freq                     0x08000dd9   Thumb Code    20  stm32f1xx_hal_rcc.o(i.HAL_RCC_GetPCLK2Freq)
    HAL_RCC_GetSysClockFreq                  0x08000df9   Thumb Code    74  stm32f1xx_hal_rcc.o(i.HAL_RCC_GetSysClockFreq)
    HAL_RCC_OscConfig                        0x08000e65   Thumb Code   778  stm32f1xx_hal_rcc.o(i.HAL_RCC_OscConfig)
    HAL_SYSTICK_Config                       0x08001185   Thumb Code    40  stm32f1xx_hal_cortex.o(i.HAL_SYSTICK_Config)
    HAL_TIMEx_BreakCallback                  0x080011ad   Thumb Code     2  stm32f1xx_hal_tim_ex.o(i.HAL_TIMEx_BreakCallback)
    HAL_TIMEx_CommutCallback                 0x080011af   Thumb Code     2  stm32f1xx_hal_tim_ex.o(i.HAL_TIMEx_CommutCallback)
    HAL_TIMEx_ConfigBreakDeadTime            0x080011b1   Thumb Code    84  stm32f1xx_hal_tim_ex.o(i.HAL_TIMEx_ConfigBreakDeadTime)
    HAL_TIMEx_MasterConfigSynchronization    0x08001205   Thumb Code    92  stm32f1xx_hal_tim_ex.o(i.HAL_TIMEx_MasterConfigSynchronization)
    HAL_TIM_Base_Init                        0x0800126d   Thumb Code    90  stm32f1xx_hal_tim.o(i.HAL_TIM_Base_Init)
    HAL_TIM_Base_MspInit                     0x080012c9   Thumb Code   204  stm32f1xx_hal_msp.o(i.HAL_TIM_Base_MspInit)
    HAL_TIM_Base_Start_IT                    0x080013ad   Thumb Code    76  stm32f1xx_hal_tim.o(i.HAL_TIM_Base_Start_IT)
    HAL_TIM_ConfigClockSource                0x08001405   Thumb Code   214  stm32f1xx_hal_tim.o(i.HAL_TIM_ConfigClockSource)
    HAL_TIM_IC_CaptureCallback               0x080014dd   Thumb Code    84  hc_sr04.o(i.HAL_TIM_IC_CaptureCallback)
    HAL_TIM_IC_ConfigChannel                 0x08001541   Thumb Code   270  stm32f1xx_hal_tim.o(i.HAL_TIM_IC_ConfigChannel)
    HAL_TIM_IC_Init                          0x0800164f   Thumb Code    90  stm32f1xx_hal_tim.o(i.HAL_TIM_IC_Init)
    HAL_TIM_IC_MspInit                       0x080016a9   Thumb Code     2  stm32f1xx_hal_tim.o(i.HAL_TIM_IC_MspInit)
    HAL_TIM_IC_Start_IT                      0x080016ad   Thumb Code   212  stm32f1xx_hal_tim.o(i.HAL_TIM_IC_Start_IT)
    HAL_TIM_IC_Stop_IT                       0x0800178d   Thumb Code   134  stm32f1xx_hal_tim.o(i.HAL_TIM_IC_Stop_IT)
    HAL_TIM_IRQHandler                       0x08001813   Thumb Code   358  stm32f1xx_hal_tim.o(i.HAL_TIM_IRQHandler)
    HAL_TIM_MspPostInit                      0x08001979   Thumb Code    64  stm32f1xx_hal_msp.o(i.HAL_TIM_MspPostInit)
    HAL_TIM_OC_DelayElapsedCallback          0x080019c5   Thumb Code     2  stm32f1xx_hal_tim.o(i.HAL_TIM_OC_DelayElapsedCallback)
    HAL_TIM_PWM_ConfigChannel                0x080019c7   Thumb Code   198  stm32f1xx_hal_tim.o(i.HAL_TIM_PWM_ConfigChannel)
    HAL_TIM_PWM_Init                         0x08001a8d   Thumb Code    90  stm32f1xx_hal_tim.o(i.HAL_TIM_PWM_Init)
    HAL_TIM_PWM_MspInit                      0x08001ae7   Thumb Code     2  stm32f1xx_hal_tim.o(i.HAL_TIM_PWM_MspInit)
    HAL_TIM_PWM_PulseFinishedCallback        0x08001ae9   Thumb Code     2  stm32f1xx_hal_tim.o(i.HAL_TIM_PWM_PulseFinishedCallback)
    HAL_TIM_PWM_Start                        0x08001aed   Thumb Code   144  stm32f1xx_hal_tim.o(i.HAL_TIM_PWM_Start)
    HAL_TIM_PeriodElapsedCallback            0x08001b89   Thumb Code     2  stm32f1xx_hal_tim.o(i.HAL_TIM_PeriodElapsedCallback)
    HAL_TIM_ReadCapturedValue                0x08001b8b   Thumb Code    42  stm32f1xx_hal_tim.o(i.HAL_TIM_ReadCapturedValue)
    HAL_TIM_TriggerCallback                  0x08001bb5   Thumb Code     2  stm32f1xx_hal_tim.o(i.HAL_TIM_TriggerCallback)
    HAL_UARTEx_RxEventCallback               0x08001bb7   Thumb Code     2  stm32f1xx_hal_uart.o(i.HAL_UARTEx_RxEventCallback)
    HAL_UART_ErrorCallback                   0x08001bb9   Thumb Code     2  stm32f1xx_hal_uart.o(i.HAL_UART_ErrorCallback)
    HAL_UART_IRQHandler                      0x08001bbd   Thumb Code   520  stm32f1xx_hal_uart.o(i.HAL_UART_IRQHandler)
    HAL_UART_Init                            0x08001dc9   Thumb Code    98  stm32f1xx_hal_uart.o(i.HAL_UART_Init)
    HAL_UART_MspInit                         0x08001e2d   Thumb Code   242  stm32f1xx_hal_msp.o(i.HAL_UART_MspInit)
    HAL_UART_Receive_IT                      0x08001f3d   Thumb Code    42  stm32f1xx_hal_uart.o(i.HAL_UART_Receive_IT)
    HAL_UART_RxCpltCallback                  0x08001f69   Thumb Code   112  main.o(i.HAL_UART_RxCpltCallback)
    HAL_UART_Transmit_DMA                    0x08001fe9   Thumb Code   114  stm32f1xx_hal_uart.o(i.HAL_UART_Transmit_DMA)
    HAL_UART_TxCpltCallback                  0x08002069   Thumb Code     2  stm32f1xx_hal_uart.o(i.HAL_UART_TxCpltCallback)
    HAL_UART_TxHalfCpltCallback              0x0800206b   Thumb Code     2  stm32f1xx_hal_uart.o(i.HAL_UART_TxHalfCpltCallback)
    HardFault_Handler                        0x0800206d   Thumb Code     2  stm32f1xx_it.o(i.HardFault_Handler)
    MemManage_Handler                        0x0800234d   Thumb Code     2  stm32f1xx_it.o(i.MemManage_Handler)
    NMI_Handler                              0x0800234f   Thumb Code     2  stm32f1xx_it.o(i.NMI_Handler)
    ParseGps                                 0x08002351   Thumb Code   180  atgm336.o(i.ParseGps)
    PendSV_Handler                           0x0800240d   Thumb Code     2  stm32f1xx_it.o(i.PendSV_Handler)
    SVC_Handler                              0x0800240f   Thumb Code     2  stm32f1xx_it.o(i.SVC_Handler)
    SysTick_Handler                          0x08002411   Thumb Code     4  stm32f1xx_it.o(i.SysTick_Handler)
    SystemClock_Config                       0x08002415   Thumb Code    94  main.o(i.SystemClock_Config)
    SystemInit                               0x08002473   Thumb Code     2  system_stm32f1xx.o(i.SystemInit)
    TIM2_IRQHandler                          0x08002475   Thumb Code   166  stm32f1xx_it.o(i.TIM2_IRQHandler)
    TIM3_IRQHandler                          0x08002529   Thumb Code     6  stm32f1xx_it.o(i.TIM3_IRQHandler)
    TIM4_IRQHandler                          0x08002535   Thumb Code     6  stm32f1xx_it.o(i.TIM4_IRQHandler)
    TIM_Base_SetConfig                       0x08002541   Thumb Code    94  stm32f1xx_hal_tim.o(i.TIM_Base_SetConfig)
    TIM_CCxChannelCmd                        0x080025ad   Thumb Code    26  stm32f1xx_hal_tim.o(i.TIM_CCxChannelCmd)
    TIM_ETR_SetConfig                        0x080025c7   Thumb Code    20  stm32f1xx_hal_tim.o(i.TIM_ETR_SetConfig)
    TIM_OC2_SetConfig                        0x0800263d   Thumb Code    84  stm32f1xx_hal_tim.o(i.TIM_OC2_SetConfig)
    TIM_TI1_SetConfig                        0x08002755   Thumb Code    76  stm32f1xx_hal_tim.o(i.TIM_TI1_SetConfig)
    Tims_delay_us                            0x08002809   Thumb Code    22  dht11.o(i.Tims_delay_us)
    UART_Start_Receive_IT                    0x08002a69   Thumb Code    54  stm32f1xx_hal_uart.o(i.UART_Start_Receive_IT)
    USART2_IRQHandler                        0x08002aa1   Thumb Code     6  stm32f1xx_it.o(i.USART2_IRQHandler)
    USART3_IRQHandler                        0x08002aad   Thumb Code     6  stm32f1xx_it.o(i.USART3_IRQHandler)
    UsageFault_Handler                       0x08002ab9   Thumb Code     2  stm32f1xx_it.o(i.UsageFault_Handler)
    delay_us                                 0x08002add   Thumb Code    22  hc_sr04.o(i.delay_us)
    get_dis_str                              0x08002af9   Thumb Code   132  hc_sr04.o(i.get_dis_str)
    main                                     0x08002b8d   Thumb Code   316  main.o(i.main)
    printGpsBuffer                           0x08002ced   Thumb Code   604  atgm336.o(i.printGpsBuffer)
    set_L_pwm                                0x08002f59   Thumb Code    26  stm32f1xx_it.o(i.set_L_pwm)
    set_R_pwm                                0x08002f79   Thumb Code    26  stm32f1xx_it.o(i.set_R_pwm)
    __aeabi_d2f                              0x08002f99   Thumb Code     0  d2f.o(x$fpl$d2f)
    _d2f                                     0x08002f99   Thumb Code    98  d2f.o(x$fpl$d2f)
    __fpl_dcheck_NaN1                        0x08002ffd   Thumb Code    10  dcheck1.o(x$fpl$dcheck1)
    __aeabi_ui2d                             0x0800300d   Thumb Code     0  dflt_clz.o(x$fpl$dfltu)
    _dfltu                                   0x0800300d   Thumb Code    38  dflt_clz.o(x$fpl$dfltu)
    __aeabi_dmul                             0x08003035   Thumb Code     0  dmul.o(x$fpl$dmul)
    _dmul                                    0x08003035   Thumb Code   332  dmul.o(x$fpl$dmul)
    __fpl_dnaninf                            0x08003189   Thumb Code   156  dnaninf.o(x$fpl$dnaninf)
    __fpl_dretinf                            0x08003225   Thumb Code    12  dretinf.o(x$fpl$dretinf)
    __aeabi_fadd                             0x08003231   Thumb Code     0  faddsub_clz.o(x$fpl$fadd)
    _fadd                                    0x08003231   Thumb Code   196  faddsub_clz.o(x$fpl$fadd)
    __aeabi_fdiv                             0x080032f5   Thumb Code     0  fdiv.o(x$fpl$fdiv)
    _fdiv                                    0x080032f5   Thumb Code   384  fdiv.o(x$fpl$fdiv)
    __aeabi_f2iz                             0x08003479   Thumb Code     0  ffix.o(x$fpl$ffix)
    _ffix                                    0x08003479   Thumb Code    54  ffix.o(x$fpl$ffix)
    __aeabi_f2uiz                            0x080034b1   Thumb Code     0  ffixu.o(x$fpl$ffixu)
    _ffixu                                   0x080034b1   Thumb Code    62  ffixu.o(x$fpl$ffixu)
    __aeabi_i2f                              0x080034f1   Thumb Code     0  fflt_clz.o(x$fpl$fflt)
    _fflt                                    0x080034f1   Thumb Code    48  fflt_clz.o(x$fpl$fflt)
    __aeabi_ui2f                             0x08003521   Thumb Code     0  fflt_clz.o(x$fpl$ffltu)
    _ffltu                                   0x08003521   Thumb Code    38  fflt_clz.o(x$fpl$ffltu)
    __aeabi_fmul                             0x08003549   Thumb Code     0  fmul.o(x$fpl$fmul)
    _fmul                                    0x08003549   Thumb Code   258  fmul.o(x$fpl$fmul)
    __fpl_fnaninf                            0x0800364b   Thumb Code   140  fnaninf.o(x$fpl$fnaninf)
    __fpl_fretinf                            0x080036d7   Thumb Code    10  fretinf.o(x$fpl$fretinf)
    __aeabi_frsub                            0x080036e1   Thumb Code     0  faddsub_clz.o(x$fpl$frsb)
    _frsb                                    0x080036e1   Thumb Code    20  faddsub_clz.o(x$fpl$frsb)
    __aeabi_fsub                             0x080036f5   Thumb Code     0  faddsub_clz.o(x$fpl$fsub)
    _fsub                                    0x080036f5   Thumb Code   234  faddsub_clz.o(x$fpl$fsub)
    __fpl_return_NaN                         0x080037df   Thumb Code   100  retnan.o(x$fpl$retnan)
    __ARM_scalbn                             0x08003843   Thumb Code    92  scalbn.o(x$fpl$scalbn)
    __fpl_cmpreturn                          0x0800389f   Thumb Code    48  trapv.o(x$fpl$trapveneer)
    AHBPrescTable                            0x080038ce   Data          16  system_stm32f1xx.o(.constdata)
    __I$use$fp                               0x080038ce   Number         0  usenofp.o(x$fpl$usenofp)
    APBPrescTable                            0x080038de   Data           8  system_stm32f1xx.o(.constdata)
    Region$$Table$$Base                      0x080038e8   Number         0  anon$$obj.o(Region$$Table)
    Region$$Table$$Limit                     0x08003908   Number         0  anon$$obj.o(Region$$Table)
    dht11_data                               0x20000000   Data           5  dht11.o(.data)
    dht11_send_data                          0x20000005   Data           5  dht11.o(.data)
    Lat                                      0x2000000c   Data           4  atgm336.o(.data)
    Lon                                      0x20000010   Data           4  atgm336.o(.data)
    Front_Cnt                                0x20000014   Data           1  hc_sr04.o(.data)
    Front_Dis                                0x20000018   Data           4  hc_sr04.o(.data)
    Front_Time                               0x2000001c   Data           4  hc_sr04.o(.data)
    Front_Show_STR                           0x20000020   Data           4  hc_sr04.o(.data)
    count                                    0x20000024   Data           1  main.o(.data)
    receive                                  0x20000025   Data           1  main.o(.data)
    Buffer                                   0x20000026   Data           2  main.o(.data)
    DataIndex                                0x20000028   Data           4  main.o(.data)
    uwTickFreq                               0x2000002c   Data           1  stm32f1xx_hal.o(.data)
    uwTickPrio                               0x20000030   Data           4  stm32f1xx_hal.o(.data)
    uwTick                                   0x20000034   Data           4  stm32f1xx_hal.o(.data)
    SystemCoreClock                          0x20000038   Data           4  system_stm32f1xx.o(.data)
    dest                                     0x2000003c   Data          23  atgm336.o(.bss)
    GNRMC_Info                               0x20000053   Data         121  atgm336.o(.bss)
    USART_RX_BUF                             0x200000cc   Data         128  atgm336.o(.bss)
    Front_Buf                                0x2000014c   Data          12  hc_sr04.o(.bss)
    htim1                                    0x20000158   Data          72  main.o(.bss)
    htim2                                    0x200001a0   Data          72  main.o(.bss)
    htim3                                    0x200001e8   Data          72  main.o(.bss)
    htim4                                    0x20000230   Data          72  main.o(.bss)
    huart2                                   0x20000278   Data          68  main.o(.bss)
    huart3                                   0x200002bc   Data          68  main.o(.bss)
    send_buf                                 0x20000300   Data          32  main.o(.bss)
    hdma_usart3_tx                           0x20000320   Data          68  main.o(.bss)
    boat_state                               0x20000364   Data          20  stm32f1xx_it.o(.bss)
    __libspace_start                         0x20000378   Data          96  libspace.o(.bss)
    __temporary_stack_top$libspace           0x200003d8   Data           0  libspace.o(.bss)



==============================================================================

Memory Map of the image

  Image Entry point : 0x080000ed

  Load Region LR_IROM1 (Base: 0x08000000, Size: 0x00003944, Max: 0x00010000, ABSOLUTE)

    Execution Region ER_IROM1 (Base: 0x08000000, Size: 0x00003908, Max: 0x00010000, ABSOLUTE)

    Base Addr    Size         Type   Attr      Idx    E Section Name        Object

    0x08000000   0x000000ec   Data   RO            3    RESET               startup_stm32f103xb.o
    0x080000ec   0x00000008   Code   RO         2939  * !!!main             c_w.l(__main.o)
    0x080000f4   0x00000034   Code   RO         3151    !!!scatter          c_w.l(__scatter.o)
    0x08000128   0x0000001a   Code   RO         3153    !!handler_copy      c_w.l(__scatter_copy.o)
    0x08000142   0x00000002   PAD
    0x08000144   0x0000001c   Code   RO         3155    !!handler_zi        c_w.l(__scatter_zi.o)
    0x08000160   0x00000002   Code   RO         3019    .ARM.Collect$$libinit$$00000000  c_w.l(libinit.o)
    0x08000162   0x00000000   Code   RO         3028    .ARM.Collect$$libinit$$00000002  c_w.l(libinit2.o)
    0x08000162   0x00000000   Code   RO         3030    .ARM.Collect$$libinit$$00000004  c_w.l(libinit2.o)
    0x08000162   0x00000000   Code   RO         3033    .ARM.Collect$$libinit$$0000000A  c_w.l(libinit2.o)
    0x08000162   0x00000000   Code   RO         3035    .ARM.Collect$$libinit$$0000000C  c_w.l(libinit2.o)
    0x08000162   0x00000000   Code   RO         3037    .ARM.Collect$$libinit$$0000000E  c_w.l(libinit2.o)
    0x08000162   0x00000000   Code   RO         3040    .ARM.Collect$$libinit$$00000011  c_w.l(libinit2.o)
    0x08000162   0x00000000   Code   RO         3042    .ARM.Collect$$libinit$$00000013  c_w.l(libinit2.o)
    0x08000162   0x00000000   Code   RO         3044    .ARM.Collect$$libinit$$00000015  c_w.l(libinit2.o)
    0x08000162   0x00000000   Code   RO         3046    .ARM.Collect$$libinit$$00000017  c_w.l(libinit2.o)
    0x08000162   0x00000000   Code   RO         3048    .ARM.Collect$$libinit$$00000019  c_w.l(libinit2.o)
    0x08000162   0x00000000   Code   RO         3050    .ARM.Collect$$libinit$$0000001B  c_w.l(libinit2.o)
    0x08000162   0x00000000   Code   RO         3052    .ARM.Collect$$libinit$$0000001D  c_w.l(libinit2.o)
    0x08000162   0x00000000   Code   RO         3054    .ARM.Collect$$libinit$$0000001F  c_w.l(libinit2.o)
    0x08000162   0x00000000   Code   RO         3056    .ARM.Collect$$libinit$$00000021  c_w.l(libinit2.o)
    0x08000162   0x00000000   Code   RO         3058    .ARM.Collect$$libinit$$00000023  c_w.l(libinit2.o)
    0x08000162   0x00000000   Code   RO         3060    .ARM.Collect$$libinit$$00000025  c_w.l(libinit2.o)
    0x08000162   0x00000000   Code   RO         3064    .ARM.Collect$$libinit$$0000002C  c_w.l(libinit2.o)
    0x08000162   0x00000000   Code   RO         3066    .ARM.Collect$$libinit$$0000002E  c_w.l(libinit2.o)
    0x08000162   0x00000000   Code   RO         3068    .ARM.Collect$$libinit$$00000030  c_w.l(libinit2.o)
    0x08000162   0x00000000   Code   RO         3070    .ARM.Collect$$libinit$$00000032  c_w.l(libinit2.o)
    0x08000162   0x00000002   Code   RO         3071    .ARM.Collect$$libinit$$00000033  c_w.l(libinit2.o)
    0x08000164   0x00000002   Code   RO         3091    .ARM.Collect$$libshutdown$$00000000  c_w.l(libshutdown.o)
    0x08000166   0x00000000   Code   RO         3104    .ARM.Collect$$libshutdown$$00000002  c_w.l(libshutdown2.o)
    0x08000166   0x00000000   Code   RO         3106    .ARM.Collect$$libshutdown$$00000004  c_w.l(libshutdown2.o)
    0x08000166   0x00000000   Code   RO         3109    .ARM.Collect$$libshutdown$$00000007  c_w.l(libshutdown2.o)
    0x08000166   0x00000000   Code   RO         3112    .ARM.Collect$$libshutdown$$0000000A  c_w.l(libshutdown2.o)
    0x08000166   0x00000000   Code   RO         3114    .ARM.Collect$$libshutdown$$0000000C  c_w.l(libshutdown2.o)
    0x08000166   0x00000000   Code   RO         3117    .ARM.Collect$$libshutdown$$0000000F  c_w.l(libshutdown2.o)
    0x08000166   0x00000002   Code   RO         3118    .ARM.Collect$$libshutdown$$00000010  c_w.l(libshutdown2.o)
    0x08000168   0x00000000   Code   RO         2979    .ARM.Collect$$rtentry$$00000000  c_w.l(__rtentry.o)
    0x08000168   0x00000000   Code   RO         2994    .ARM.Collect$$rtentry$$00000002  c_w.l(__rtentry2.o)
    0x08000168   0x00000006   Code   RO         3006    .ARM.Collect$$rtentry$$00000004  c_w.l(__rtentry4.o)
    0x0800016e   0x00000000   Code   RO         2996    .ARM.Collect$$rtentry$$00000009  c_w.l(__rtentry2.o)
    0x0800016e   0x00000004   Code   RO         2997    .ARM.Collect$$rtentry$$0000000A  c_w.l(__rtentry2.o)
    0x08000172   0x00000000   Code   RO         2999    .ARM.Collect$$rtentry$$0000000C  c_w.l(__rtentry2.o)
    0x08000172   0x00000008   Code   RO         3000    .ARM.Collect$$rtentry$$0000000D  c_w.l(__rtentry2.o)
    0x0800017a   0x00000002   Code   RO         3025    .ARM.Collect$$rtexit$$00000000  c_w.l(rtexit.o)
    0x0800017c   0x00000000   Code   RO         3073    .ARM.Collect$$rtexit$$00000002  c_w.l(rtexit2.o)
    0x0800017c   0x00000004   Code   RO         3074    .ARM.Collect$$rtexit$$00000003  c_w.l(rtexit2.o)
    0x08000180   0x00000006   Code   RO         3075    .ARM.Collect$$rtexit$$00000004  c_w.l(rtexit2.o)
    0x08000186   0x00000002   PAD
    0x08000188   0x00000040   Code   RO            4    .text               startup_stm32f103xb.o
    0x080001c8   0x00000024   Code   RO         2929    .text               c_w.l(strstr.o)
    0x080001ec   0x0000008a   Code   RO         2931    .text               c_w.l(rt_memcpy_v6.o)
    0x08000276   0x00000044   Code   RO         2933    .text               c_w.l(rt_memclr.o)
    0x080002ba   0x0000004e   Code   RO         2935    .text               c_w.l(rt_memclr_w.o)
    0x08000308   0x00000006   Code   RO         2937    .text               c_w.l(heapauxi.o)
    0x0800030e   0x00000064   Code   RO         2980    .text               c_w.l(rt_memcpy_w.o)
    0x08000372   0x0000004a   Code   RO         3010    .text               c_w.l(sys_stackheap_outer.o)
    0x080003bc   0x00000012   Code   RO         3012    .text               c_w.l(exit.o)
    0x080003ce   0x00000002   PAD
    0x080003d0   0x00000008   Code   RO         3022    .text               c_w.l(libspace.o)
    0x080003d8   0x0000000c   Code   RO         3083    .text               c_w.l(sys_exit.o)
    0x080003e4   0x00000002   Code   RO         3094    .text               c_w.l(use_no_semi.o)
    0x080003e6   0x00000000   Code   RO         3096    .text               c_w.l(indicate_semi.o)
    0x080003e6   0x00000002   Code   RO          367    i.BusFault_Handler  stm32f1xx_it.o
    0x080003e8   0x00000010   Code   RO           13    i.DHT11             dht11.o
    0x080003f8   0x00000020   Code   RO           14    i.DHT11_Check       dht11.o
    0x08000418   0x0000002c   Code   RO           15    i.DHT11_GPIO_MODE_SET  dht11.o
    0x08000444   0x00000038   Code   RO           16    i.DHT11_READ_BIT    dht11.o
    0x0800047c   0x00000020   Code   RO           17    i.DHT11_READ_BYTE   dht11.o
    0x0800049c   0x00000098   Code   RO           18    i.DHT11_READ_DATA   dht11.o
    0x08000534   0x00000028   Code   RO           19    i.DHT11_START       dht11.o
    0x0800055c   0x0000000c   Code   RO          368    i.DMA1_Channel2_IRQHandler  stm32f1xx_it.o
    0x08000568   0x0000002a   Code   RO         1936    i.DMA_SetConfig     stm32f1xx_hal_dma.o
    0x08000592   0x00000002   Code   RO          369    i.DebugMon_Handler  stm32f1xx_it.o
    0x08000594   0x00000004   Code   RO          280    i.Error_Handler     main.o
    0x08000598   0x00000094   Code   RO          223    i.Get_Front_Dis     hc_sr04.o
    0x0800062c   0x00000046   Code   RO         1937    i.HAL_DMA_Abort     stm32f1xx_hal_dma.o
    0x08000672   0x00000002   PAD
    0x08000674   0x00000098   Code   RO         1938    i.HAL_DMA_Abort_IT  stm32f1xx_hal_dma.o
    0x0800070c   0x00000154   Code   RO         1942    i.HAL_DMA_IRQHandler  stm32f1xx_hal_dma.o
    0x08000860   0x0000005c   Code   RO         1943    i.HAL_DMA_Init      stm32f1xx_hal_dma.o
    0x080008bc   0x00000070   Code   RO         1947    i.HAL_DMA_Start_IT  stm32f1xx_hal_dma.o
    0x0800092c   0x00000024   Code   RO         1565    i.HAL_Delay         stm32f1xx_hal.o
    0x08000950   0x000001e0   Code   RO         1873    i.HAL_GPIO_Init     stm32f1xx_hal_gpio.o
    0x08000b30   0x0000000a   Code   RO         1875    i.HAL_GPIO_ReadPin  stm32f1xx_hal_gpio.o
    0x08000b3a   0x0000000a   Code   RO         1877    i.HAL_GPIO_WritePin  stm32f1xx_hal_gpio.o
    0x08000b44   0x0000000c   Code   RO         1569    i.HAL_GetTick       stm32f1xx_hal.o
    0x08000b50   0x00000010   Code   RO         1575    i.HAL_IncTick       stm32f1xx_hal.o
    0x08000b60   0x00000024   Code   RO         1576    i.HAL_Init          stm32f1xx_hal.o
    0x08000b84   0x00000040   Code   RO         1577    i.HAL_InitTick      stm32f1xx_hal.o
    0x08000bc4   0x0000003c   Code   RO          494    i.HAL_MspInit       stm32f1xx_hal_msp.o
    0x08000c00   0x0000001a   Code   RO         2033    i.HAL_NVIC_EnableIRQ  stm32f1xx_hal_cortex.o
    0x08000c1a   0x00000002   PAD
    0x08000c1c   0x00000040   Code   RO         2039    i.HAL_NVIC_SetPriority  stm32f1xx_hal_cortex.o
    0x08000c5c   0x00000024   Code   RO         2040    i.HAL_NVIC_SetPriorityGrouping  stm32f1xx_hal_cortex.o
    0x08000c80   0x0000012c   Code   RO         1733    i.HAL_RCC_ClockConfig  stm32f1xx_hal_rcc.o
    0x08000dac   0x0000000c   Code   RO         1738    i.HAL_RCC_GetHCLKFreq  stm32f1xx_hal_rcc.o
    0x08000db8   0x00000020   Code   RO         1740    i.HAL_RCC_GetPCLK1Freq  stm32f1xx_hal_rcc.o
    0x08000dd8   0x00000020   Code   RO         1741    i.HAL_RCC_GetPCLK2Freq  stm32f1xx_hal_rcc.o
    0x08000df8   0x0000006c   Code   RO         1742    i.HAL_RCC_GetSysClockFreq  stm32f1xx_hal_rcc.o
    0x08000e64   0x00000320   Code   RO         1745    i.HAL_RCC_OscConfig  stm32f1xx_hal_rcc.o
    0x08001184   0x00000028   Code   RO         2044    i.HAL_SYSTICK_Config  stm32f1xx_hal_cortex.o
    0x080011ac   0x00000002   Code   RO         1291    i.HAL_TIMEx_BreakCallback  stm32f1xx_hal_tim_ex.o
    0x080011ae   0x00000002   Code   RO         1292    i.HAL_TIMEx_CommutCallback  stm32f1xx_hal_tim_ex.o
    0x080011b0   0x00000054   Code   RO         1294    i.HAL_TIMEx_ConfigBreakDeadTime  stm32f1xx_hal_tim_ex.o
    0x08001204   0x00000068   Code   RO         1310    i.HAL_TIMEx_MasterConfigSynchronization  stm32f1xx_hal_tim_ex.o
    0x0800126c   0x0000005a   Code   RO          587    i.HAL_TIM_Base_Init  stm32f1xx_hal_tim.o
    0x080012c6   0x00000002   PAD
    0x080012c8   0x000000e4   Code   RO          496    i.HAL_TIM_Base_MspInit  stm32f1xx_hal_msp.o
    0x080013ac   0x00000058   Code   RO          592    i.HAL_TIM_Base_Start_IT  stm32f1xx_hal_tim.o
    0x08001404   0x000000d6   Code   RO          596    i.HAL_TIM_ConfigClockSource  stm32f1xx_hal_tim.o
    0x080014da   0x00000002   PAD
    0x080014dc   0x00000064   Code   RO          224    i.HAL_TIM_IC_CaptureCallback  hc_sr04.o
    0x08001540   0x0000010e   Code   RO          623    i.HAL_TIM_IC_ConfigChannel  stm32f1xx_hal_tim.o
    0x0800164e   0x0000005a   Code   RO          626    i.HAL_TIM_IC_Init   stm32f1xx_hal_tim.o
    0x080016a8   0x00000002   Code   RO          628    i.HAL_TIM_IC_MspInit  stm32f1xx_hal_tim.o
    0x080016aa   0x00000002   PAD
    0x080016ac   0x000000e0   Code   RO          631    i.HAL_TIM_IC_Start_IT  stm32f1xx_hal_tim.o
    0x0800178c   0x00000086   Code   RO          634    i.HAL_TIM_IC_Stop_IT  stm32f1xx_hal_tim.o
    0x08001812   0x00000166   Code   RO          635    i.HAL_TIM_IRQHandler  stm32f1xx_hal_tim.o
    0x08001978   0x0000004c   Code   RO          497    i.HAL_TIM_MspPostInit  stm32f1xx_hal_msp.o
    0x080019c4   0x00000002   Code   RO          638    i.HAL_TIM_OC_DelayElapsedCallback  stm32f1xx_hal_tim.o
    0x080019c6   0x000000c6   Code   RO          659    i.HAL_TIM_PWM_ConfigChannel  stm32f1xx_hal_tim.o
    0x08001a8c   0x0000005a   Code   RO          662    i.HAL_TIM_PWM_Init  stm32f1xx_hal_tim.o
    0x08001ae6   0x00000002   Code   RO          664    i.HAL_TIM_PWM_MspInit  stm32f1xx_hal_tim.o
    0x08001ae8   0x00000002   Code   RO          665    i.HAL_TIM_PWM_PulseFinishedCallback  stm32f1xx_hal_tim.o
    0x08001aea   0x00000002   PAD
    0x08001aec   0x0000009c   Code   RO          667    i.HAL_TIM_PWM_Start  stm32f1xx_hal_tim.o
    0x08001b88   0x00000002   Code   RO          673    i.HAL_TIM_PeriodElapsedCallback  stm32f1xx_hal_tim.o
    0x08001b8a   0x0000002a   Code   RO          675    i.HAL_TIM_ReadCapturedValue  stm32f1xx_hal_tim.o
    0x08001bb4   0x00000002   Code   RO          678    i.HAL_TIM_TriggerCallback  stm32f1xx_hal_tim.o
    0x08001bb6   0x00000002   Code   RO         2544    i.HAL_UARTEx_RxEventCallback  stm32f1xx_hal_uart.o
    0x08001bb8   0x00000002   Code   RO         2558    i.HAL_UART_ErrorCallback  stm32f1xx_hal_uart.o
    0x08001bba   0x00000002   PAD
    0x08001bbc   0x0000020c   Code   RO         2561    i.HAL_UART_IRQHandler  stm32f1xx_hal_uart.o
    0x08001dc8   0x00000062   Code   RO         2562    i.HAL_UART_Init     stm32f1xx_hal_uart.o
    0x08001e2a   0x00000002   PAD
    0x08001e2c   0x00000110   Code   RO          499    i.HAL_UART_MspInit  stm32f1xx_hal_msp.o
    0x08001f3c   0x0000002a   Code   RO         2567    i.HAL_UART_Receive_IT  stm32f1xx_hal_uart.o
    0x08001f66   0x00000002   PAD
    0x08001f68   0x00000080   Code   RO          281    i.HAL_UART_RxCpltCallback  main.o
    0x08001fe8   0x00000080   Code   RO         2571    i.HAL_UART_Transmit_DMA  stm32f1xx_hal_uart.o
    0x08002068   0x00000002   Code   RO         2573    i.HAL_UART_TxCpltCallback  stm32f1xx_hal_uart.o
    0x0800206a   0x00000002   Code   RO         2574    i.HAL_UART_TxHalfCpltCallback  stm32f1xx_hal_uart.o
    0x0800206c   0x00000002   Code   RO          370    i.HardFault_Handler  stm32f1xx_it.o
    0x0800206e   0x00000002   PAD
    0x08002070   0x00000080   Code   RO          282    i.MX_GPIO_Init      main.o
    0x080020f0   0x000000f8   Code   RO          283    i.MX_TIM1_Init      main.o
    0x080021e8   0x00000064   Code   RO          284    i.MX_TIM2_Init      main.o
    0x0800224c   0x00000098   Code   RO          285    i.MX_TIM3_Init      main.o
    0x080022e4   0x00000068   Code   RO          286    i.MX_TIM4_Init      main.o
    0x0800234c   0x00000002   Code   RO          371    i.MemManage_Handler  stm32f1xx_it.o
    0x0800234e   0x00000002   Code   RO          372    i.NMI_Handler       stm32f1xx_it.o
    0x08002350   0x000000bc   Code   RO          174    i.ParseGps          atgm336.o
    0x0800240c   0x00000002   Code   RO          373    i.PendSV_Handler    stm32f1xx_it.o
    0x0800240e   0x00000002   Code   RO          374    i.SVC_Handler       stm32f1xx_it.o
    0x08002410   0x00000004   Code   RO          375    i.SysTick_Handler   stm32f1xx_it.o
    0x08002414   0x0000005e   Code   RO          287    i.SystemClock_Config  main.o
    0x08002472   0x00000002   Code   RO         2891    i.SystemInit        system_stm32f1xx.o
    0x08002474   0x000000b4   Code   RO          376    i.TIM2_IRQHandler   stm32f1xx_it.o
    0x08002528   0x0000000c   Code   RO          377    i.TIM3_IRQHandler   stm32f1xx_it.o
    0x08002534   0x0000000c   Code   RO          378    i.TIM4_IRQHandler   stm32f1xx_it.o
    0x08002540   0x0000006c   Code   RO          680    i.TIM_Base_SetConfig  stm32f1xx_hal_tim.o
    0x080025ac   0x0000001a   Code   RO          681    i.TIM_CCxChannelCmd  stm32f1xx_hal_tim.o
    0x080025c6   0x00000014   Code   RO          691    i.TIM_ETR_SetConfig  stm32f1xx_hal_tim.o
    0x080025da   0x00000010   Code   RO          692    i.TIM_ITRx_SetConfig  stm32f1xx_hal_tim.o
    0x080025ea   0x00000002   PAD
    0x080025ec   0x00000050   Code   RO          693    i.TIM_OC1_SetConfig  stm32f1xx_hal_tim.o
    0x0800263c   0x00000058   Code   RO          694    i.TIM_OC2_SetConfig  stm32f1xx_hal_tim.o
    0x08002694   0x00000058   Code   RO          695    i.TIM_OC3_SetConfig  stm32f1xx_hal_tim.o
    0x080026ec   0x00000044   Code   RO          696    i.TIM_OC4_SetConfig  stm32f1xx_hal_tim.o
    0x08002730   0x00000022   Code   RO          698    i.TIM_TI1_ConfigInputStage  stm32f1xx_hal_tim.o
    0x08002752   0x00000002   PAD
    0x08002754   0x00000058   Code   RO          699    i.TIM_TI1_SetConfig  stm32f1xx_hal_tim.o
    0x080027ac   0x00000024   Code   RO          700    i.TIM_TI2_ConfigInputStage  stm32f1xx_hal_tim.o
    0x080027d0   0x00000036   Code   RO          701    i.TIM_TI2_SetConfig  stm32f1xx_hal_tim.o
    0x08002806   0x00000002   PAD
    0x08002808   0x0000001c   Code   RO           20    i.Tims_delay_us     dht11.o
    0x08002824   0x00000010   Code   RO         2575    i.UART_DMAAbortOnError  stm32f1xx_hal_uart.o
    0x08002834   0x0000004a   Code   RO         2576    i.UART_DMAError     stm32f1xx_hal_uart.o
    0x0800287e   0x0000002e   Code   RO         2581    i.UART_DMATransmitCplt  stm32f1xx_hal_uart.o
    0x080028ac   0x0000000a   Code   RO         2583    i.UART_DMATxHalfCplt  stm32f1xx_hal_uart.o
    0x080028b6   0x00000030   Code   RO         2585    i.UART_EndRxTransfer  stm32f1xx_hal_uart.o
    0x080028e6   0x00000012   Code   RO         2586    i.UART_EndTxTransfer  stm32f1xx_hal_uart.o
    0x080028f8   0x000000b6   Code   RO         2587    i.UART_Receive_IT   stm32f1xx_hal_uart.o
    0x080029ae   0x00000002   PAD
    0x080029b0   0x000000b8   Code   RO         2588    i.UART_SetConfig    stm32f1xx_hal_uart.o
    0x08002a68   0x00000036   Code   RO         2590    i.UART_Start_Receive_IT  stm32f1xx_hal_uart.o
    0x08002a9e   0x00000002   PAD
    0x08002aa0   0x0000000c   Code   RO          379    i.USART2_IRQHandler  stm32f1xx_it.o
    0x08002aac   0x0000000c   Code   RO          380    i.USART3_IRQHandler  stm32f1xx_it.o
    0x08002ab8   0x00000002   Code   RO          381    i.UsageFault_Handler  stm32f1xx_it.o
    0x08002aba   0x00000020   Code   RO         2046    i.__NVIC_SetPriority  stm32f1xx_hal_cortex.o
    0x08002ada   0x00000002   PAD
    0x08002adc   0x0000001c   Code   RO          225    i.delay_us          hc_sr04.o
    0x08002af8   0x00000094   Code   RO          226    i.get_dis_str       hc_sr04.o
    0x08002b8c   0x00000160   Code   RO          288    i.main              main.o
    0x08002cec   0x0000026c   Code   RO          175    i.printGpsBuffer    atgm336.o
    0x08002f58   0x00000020   Code   RO          382    i.set_L_pwm         stm32f1xx_it.o
    0x08002f78   0x00000020   Code   RO          383    i.set_R_pwm         stm32f1xx_it.o
    0x08002f98   0x00000062   Code   RO         2941    x$fpl$d2f           fz_ws.l(d2f.o)
    0x08002ffa   0x00000002   PAD
    0x08002ffc   0x00000010   Code   RO         2982    x$fpl$dcheck1       fz_ws.l(dcheck1.o)
    0x0800300c   0x00000026   Code   RO         2943    x$fpl$dfltu         fz_ws.l(dflt_clz.o)
    0x08003032   0x00000002   PAD
    0x08003034   0x00000154   Code   RO         2949    x$fpl$dmul          fz_ws.l(dmul.o)
    0x08003188   0x0000009c   Code   RO         2984    x$fpl$dnaninf       fz_ws.l(dnaninf.o)
    0x08003224   0x0000000c   Code   RO         2986    x$fpl$dretinf       fz_ws.l(dretinf.o)
    0x08003230   0x000000c4   Code   RO         2951    x$fpl$fadd          fz_ws.l(faddsub_clz.o)
    0x080032f4   0x00000184   Code   RO         2958    x$fpl$fdiv          fz_ws.l(fdiv.o)
    0x08003478   0x00000036   Code   RO         2961    x$fpl$ffix          fz_ws.l(ffix.o)
    0x080034ae   0x00000002   PAD
    0x080034b0   0x0000003e   Code   RO         2965    x$fpl$ffixu         fz_ws.l(ffixu.o)
    0x080034ee   0x00000002   PAD
    0x080034f0   0x00000030   Code   RO         2970    x$fpl$fflt          fz_ws.l(fflt_clz.o)
    0x08003520   0x00000026   Code   RO         2969    x$fpl$ffltu         fz_ws.l(fflt_clz.o)
    0x08003546   0x00000002   PAD
    0x08003548   0x00000102   Code   RO         2975    x$fpl$fmul          fz_ws.l(fmul.o)
    0x0800364a   0x0000008c   Code   RO         2988    x$fpl$fnaninf       fz_ws.l(fnaninf.o)
    0x080036d6   0x0000000a   Code   RO         2990    x$fpl$fretinf       fz_ws.l(fretinf.o)
    0x080036e0   0x00000014   Code   RO         2952    x$fpl$frsb          fz_ws.l(faddsub_clz.o)
    0x080036f4   0x000000ea   Code   RO         2953    x$fpl$fsub          fz_ws.l(faddsub_clz.o)
    0x080037de   0x00000064   Code   RO         3008    x$fpl$retnan        fz_ws.l(retnan.o)
    0x08003842   0x0000005c   Code   RO         2977    x$fpl$scalbn        fz_ws.l(scalbn.o)
    0x0800389e   0x00000030   Code   RO         3020    x$fpl$trapveneer    fz_ws.l(trapv.o)
    0x080038ce   0x00000000   Code   RO         2992    x$fpl$usenofp       fz_ws.l(usenofp.o)
    0x080038ce   0x00000010   Data   RO         2892    .constdata          system_stm32f1xx.o
    0x080038de   0x00000008   Data   RO         2893    .constdata          system_stm32f1xx.o
    0x080038e6   0x00000002   PAD
    0x080038e8   0x00000020   Data   RO         3149    Region$$Table       anon$$obj.o


    Execution Region RW_IRAM1 (Base: 0x20000000, Size: 0x000009d8, Max: 0x00005000, ABSOLUTE)

    Base Addr    Size         Type   Attr      Idx    E Section Name        Object

    0x20000000   0x0000000a   Data   RW           21    .data               dht11.o
    0x2000000a   0x00000002   PAD
    0x2000000c   0x00000008   Data   RW          178    .data               atgm336.o
    0x20000014   0x00000010   Data   RW          229    .data               hc_sr04.o
    0x20000024   0x00000008   Data   RW          291    .data               main.o
    0x2000002c   0x0000000c   Data   RW         1583    .data               stm32f1xx_hal.o
    0x20000038   0x00000004   Data   RW         2894    .data               system_stm32f1xx.o
    0x2000003c   0x00000090   Zero   RW          176    .bss                atgm336.o
    0x200000cc   0x00000080   Zero   RW          177    .bss                atgm336.o
    0x2000014c   0x0000000c   Zero   RW          227    .bss                hc_sr04.o
    0x20000158   0x000001c8   Zero   RW          289    .bss                main.o
    0x20000320   0x00000044   Zero   RW          290    .bss                main.o
    0x20000364   0x00000014   Zero   RW          384    .bss                stm32f1xx_it.o
    0x20000378   0x00000060   Zero   RW         3023    .bss                c_w.l(libspace.o)
    0x200003d8   0x00000200   Zero   RW            2    HEAP                startup_stm32f103xb.o
    0x200005d8   0x00000400   Zero   RW            1    STACK               startup_stm32f103xb.o


==============================================================================

Image component sizes


      Code (inc. data)   RO Data    RW Data    ZI Data      Debug   Object Name

       808         32          0          8        272       2955   atgm336.o
       400         36          0         10          0     429228   dht11.o
       424         66          0         16         12       2693   hc_sr04.o
      1310         92          0          8        524       6705   main.o
        64         26        236          0       1536        788   startup_stm32f103xb.o
       164         28          0         12          0       5709   stm32f1xx_hal.o
       198         14          0          0          0      28803   stm32f1xx_hal_cortex.o
       808         36          0          0          0       4826   stm32f1xx_hal_dma.o
       500         34          0          0          0       3423   stm32f1xx_hal_gpio.o
       636         74          0          0          0       3195   stm32f1xx_hal_msp.o
      1284        106          0          0          0       5480   stm32f1xx_hal_rcc.o
      2672         82          0          0          0      21430   stm32f1xx_hal_tim.o
       192         12          0          0          0       3041   stm32f1xx_hal_tim_ex.o
      1432         24          0          0          0      11614   stm32f1xx_hal_uart.o
       324         56          0          0         20       7920   stm32f1xx_it.o
         2          0         24          4          0       1027   system_stm32f1xx.o

    ----------------------------------------------------------------------
     11250        718        294         60       2364     538837   Object Totals
         0          0         32          0          0          0   (incl. Generated)
        32          0          2          2          0          0   (incl. Padding)

    ----------------------------------------------------------------------

      Code (inc. data)   RO Data    RW Data    ZI Data      Debug   Library Member Name

         8          0          0          0          0         68   __main.o
         0          0          0          0          0          0   __rtentry.o
        12          0          0          0          0          0   __rtentry2.o
         6          0          0          0          0          0   __rtentry4.o
        52          8          0          0          0          0   __scatter.o
        26          0          0          0          0          0   __scatter_copy.o
        28          0          0          0          0          0   __scatter_zi.o
        18          0          0          0          0         80   exit.o
         6          0          0          0          0        152   heapauxi.o
         0          0          0          0          0          0   indicate_semi.o
         2          0          0          0          0          0   libinit.o
         2          0          0          0          0          0   libinit2.o
         2          0          0          0          0          0   libshutdown.o
         2          0          0          0          0          0   libshutdown2.o
         8          4          0          0         96         68   libspace.o
        68          0          0          0          0         68   rt_memclr.o
        78          0          0          0          0         80   rt_memclr_w.o
       138          0          0          0          0         68   rt_memcpy_v6.o
       100          0          0          0          0         80   rt_memcpy_w.o
         2          0          0          0          0          0   rtexit.o
        10          0          0          0          0          0   rtexit2.o
        36          0          0          0          0         80   strstr.o
        12          4          0          0          0         68   sys_exit.o
        74          0          0          0          0         80   sys_stackheap_outer.o
         2          0          0          0          0         68   use_no_semi.o
        98          4          0          0          0         92   d2f.o
        16          4          0          0          0         68   dcheck1.o
        38          0          0          0          0         68   dflt_clz.o
       340         12          0          0          0        104   dmul.o
       156          4          0          0          0         92   dnaninf.o
        12          0          0          0          0         68   dretinf.o
       450          8          0          0          0        236   faddsub_clz.o
       388         76          0          0          0         96   fdiv.o
        54          4          0          0          0         84   ffix.o
        62          4          0          0          0         84   ffixu.o
        86          0          0          0          0        136   fflt_clz.o
       258          4          0          0          0         84   fmul.o
       140          4          0          0          0         84   fnaninf.o
        10          0          0          0          0         68   fretinf.o
       100          0          0          0          0         68   retnan.o
        92          0          0          0          0         68   scalbn.o
        48          0          0          0          0         68   trapv.o
         0          0          0          0          0          0   usenofp.o

    ----------------------------------------------------------------------
      3056        140          0          0         96       2528   Library Totals
        16          0          0          0          0          0   (incl. Padding)

    ----------------------------------------------------------------------

      Code (inc. data)   RO Data    RW Data    ZI Data      Debug   Library Name

       692         16          0          0         96        960   c_w.l
      2348        124          0          0          0       1568   fz_ws.l

    ----------------------------------------------------------------------
      3056        140          0          0         96       2528   Library Totals

    ----------------------------------------------------------------------

==============================================================================


      Code (inc. data)   RO Data    RW Data    ZI Data      Debug   

     14306        858        294         60       2460     533925   Grand Totals
     14306        858        294         60       2460     533925   ELF Image Totals
     14306        858        294         60          0          0   ROM Totals

==============================================================================

    Total RO  Size (Code + RO Data)                14600 (  14.26kB)
    Total RW  Size (RW Data + ZI Data)              2520 (   2.46kB)
    Total ROM Size (Code + RO Data + RW Data)      14660 (  14.32kB)

==============================================================================

